Archive member included to satisfy reference by file (symbol)

/opt/st/stm32cubeide_1.10.1/plugins/com.st.stm32cube.ide.mcu.externaltools.gnu-tools-for-stm32.10.3-2021.10.linux64_1.0.0.202111181127/tools/bin/../lib/gcc/arm-none-eabi/10.3.1/../../../../arm-none-eabi/lib/thumb/v7e-m+fp/hard/libm.a(lib_a-sf_cos.o)
                              ./Core/Src/location.o (cosf)
/opt/st/stm32cubeide_1.10.1/plugins/com.st.stm32cube.ide.mcu.externaltools.gnu-tools-for-stm32.10.3-2021.10.linux64_1.0.0.202111181127/tools/bin/../lib/gcc/arm-none-eabi/10.3.1/../../../../arm-none-eabi/lib/thumb/v7e-m+fp/hard/libm.a(lib_a-sf_fmin.o)
                              ./Core/Src/location.o (fminf)
/opt/st/stm32cubeide_1.10.1/plugins/com.st.stm32cube.ide.mcu.externaltools.gnu-tools-for-stm32.10.3-2021.10.linux64_1.0.0.202111181127/tools/bin/../lib/gcc/arm-none-eabi/10.3.1/../../../../arm-none-eabi/lib/thumb/v7e-m+fp/hard/libm.a(lib_a-sf_fpclassify.o)
                              /opt/st/stm32cubeide_1.10.1/plugins/com.st.stm32cube.ide.mcu.externaltools.gnu-tools-for-stm32.10.3-2021.10.linux64_1.0.0.202111181127/tools/bin/../lib/gcc/arm-none-eabi/10.3.1/../../../../arm-none-eabi/lib/thumb/v7e-m+fp/hard/libm.a(lib_a-sf_fmin.o) (__fpclassifyf)
/opt/st/stm32cubeide_1.10.1/plugins/com.st.stm32cube.ide.mcu.externaltools.gnu-tools-for-stm32.10.3-2021.10.linux64_1.0.0.202111181127/tools/bin/../lib/gcc/arm-none-eabi/10.3.1/../../../../arm-none-eabi/lib/thumb/v7e-m+fp/hard/libm.a(lib_a-sf_sin.o)
                              ./Core/Src/location.o (sinf)
/opt/st/stm32cubeide_1.10.1/plugins/com.st.stm32cube.ide.mcu.externaltools.gnu-tools-for-stm32.10.3-2021.10.linux64_1.0.0.202111181127/tools/bin/../lib/gcc/arm-none-eabi/10.3.1/../../../../arm-none-eabi/lib/thumb/v7e-m+fp/hard/libm.a(lib_a-w_atan2.o)
                              ./Core/Src/location.o (atan2)
/opt/st/stm32cubeide_1.10.1/plugins/com.st.stm32cube.ide.mcu.externaltools.gnu-tools-for-stm32.10.3-2021.10.linux64_1.0.0.202111181127/tools/bin/../lib/gcc/arm-none-eabi/10.3.1/../../../../arm-none-eabi/lib/thumb/v7e-m+fp/hard/libm.a(lib_a-w_pow.o)
                              ./Core/Src/location.o (pow)
/opt/st/stm32cubeide_1.10.1/plugins/com.st.stm32cube.ide.mcu.externaltools.gnu-tools-for-stm32.10.3-2021.10.linux64_1.0.0.202111181127/tools/bin/../lib/gcc/arm-none-eabi/10.3.1/../../../../arm-none-eabi/lib/thumb/v7e-m+fp/hard/libm.a(lib_a-wf_atan2.o)
                              ./Core/Src/location.o (atan2f)
/opt/st/stm32cubeide_1.10.1/plugins/com.st.stm32cube.ide.mcu.externaltools.gnu-tools-for-stm32.10.3-2021.10.linux64_1.0.0.202111181127/tools/bin/../lib/gcc/arm-none-eabi/10.3.1/../../../../arm-none-eabi/lib/thumb/v7e-m+fp/hard/libm.a(lib_a-e_atan2.o)
                              /opt/st/stm32cubeide_1.10.1/plugins/com.st.stm32cube.ide.mcu.externaltools.gnu-tools-for-stm32.10.3-2021.10.linux64_1.0.0.202111181127/tools/bin/../lib/gcc/arm-none-eabi/10.3.1/../../../../arm-none-eabi/lib/thumb/v7e-m+fp/hard/libm.a(lib_a-w_atan2.o) (__ieee754_atan2)
/opt/st/stm32cubeide_1.10.1/plugins/com.st.stm32cube.ide.mcu.externaltools.gnu-tools-for-stm32.10.3-2021.10.linux64_1.0.0.202111181127/tools/bin/../lib/gcc/arm-none-eabi/10.3.1/../../../../arm-none-eabi/lib/thumb/v7e-m+fp/hard/libm.a(lib_a-e_pow.o)
                              /opt/st/stm32cubeide_1.10.1/plugins/com.st.stm32cube.ide.mcu.externaltools.gnu-tools-for-stm32.10.3-2021.10.linux64_1.0.0.202111181127/tools/bin/../lib/gcc/arm-none-eabi/10.3.1/../../../../arm-none-eabi/lib/thumb/v7e-m+fp/hard/libm.a(lib_a-w_pow.o) (__ieee754_pow)
/opt/st/stm32cubeide_1.10.1/plugins/com.st.stm32cube.ide.mcu.externaltools.gnu-tools-for-stm32.10.3-2021.10.linux64_1.0.0.202111181127/tools/bin/../lib/gcc/arm-none-eabi/10.3.1/../../../../arm-none-eabi/lib/thumb/v7e-m+fp/hard/libm.a(lib_a-e_sqrt.o)
                              /opt/st/stm32cubeide_1.10.1/plugins/com.st.stm32cube.ide.mcu.externaltools.gnu-tools-for-stm32.10.3-2021.10.linux64_1.0.0.202111181127/tools/bin/../lib/gcc/arm-none-eabi/10.3.1/../../../../arm-none-eabi/lib/thumb/v7e-m+fp/hard/libm.a(lib_a-e_pow.o) (__ieee754_sqrt)
/opt/st/stm32cubeide_1.10.1/plugins/com.st.stm32cube.ide.mcu.externaltools.gnu-tools-for-stm32.10.3-2021.10.linux64_1.0.0.202111181127/tools/bin/../lib/gcc/arm-none-eabi/10.3.1/../../../../arm-none-eabi/lib/thumb/v7e-m+fp/hard/libm.a(lib_a-ef_atan2.o)
                              /opt/st/stm32cubeide_1.10.1/plugins/com.st.stm32cube.ide.mcu.externaltools.gnu-tools-for-stm32.10.3-2021.10.linux64_1.0.0.202111181127/tools/bin/../lib/gcc/arm-none-eabi/10.3.1/../../../../arm-none-eabi/lib/thumb/v7e-m+fp/hard/libm.a(lib_a-wf_atan2.o) (__ieee754_atan2f)
/opt/st/stm32cubeide_1.10.1/plugins/com.st.stm32cube.ide.mcu.externaltools.gnu-tools-for-stm32.10.3-2021.10.linux64_1.0.0.202111181127/tools/bin/../lib/gcc/arm-none-eabi/10.3.1/../../../../arm-none-eabi/lib/thumb/v7e-m+fp/hard/libm.a(lib_a-ef_rem_pio2.o)
[...]
Memory Configuration

Name             Origin             Length             Attributes
RAM              0x0000000020000000 0x0000000000020000 xrw
FLASH            0x0000000008000000 0x0000000000080000 xr
*default*        0x0000000000000000 0xffffffffffffffff

Linker script and memory map

LOAD /opt/st/stm32cubeide_1.10.1/plugins/com.st.stm32cube.ide.mcu.externaltools.gnu-tools-for-stm32.10.3-2021.10.linux64_1.0.0.202111181127/tools/bin/../lib/gcc/arm-none-eabi/10.3.1/thumb/v7e-m+fp/hard/crti.o
LOAD /opt/st/stm32cubeide_1.10.1/plugins/com.st.stm32cube.ide.mcu.externaltools.gnu-tools-for-stm32.10.3-2021.10.linux64_1.0.0.202111181127/tools/bin/../lib/gcc/arm-none-eabi/10.3.1/thumb/v7e-m+fp/hard/crtbegin.o
LOAD /opt/st/stm32cubeide_1.10.1/plugins/com.st.stm32cube.ide.mcu.externaltools.gnu-tools-for-stm32.10.3-2021.10.linux64_1.0.0.202111181127/tools/bin/../lib/gcc/arm-none-eabi/10.3.1/../../../../arm-none-eabi/lib/thumb/v7e-m+fp/hard/crt0.o
LOAD ./Core/Src/communication.o
LOAD ./Core/Src/location.o
LOAD ./Core/Src/main.o
LOAD ./Core/Src/mainpp.o
LOAD ./Core/Src/motor.o
LOAD ./Core/Src/pathSensor.o
LOAD ./Core/Src/servo.o
LOAD ./Core/Src/stm32f4xx_hal_msp.o
LOAD ./Core/Src/stm32f4xx_it.o
LOAD ./Core/Src/syscalls.o
LOAD ./Core/Src/sysmem.o
LOAD ./Core/Src/system_stm32f4xx.o
LOAD ./Core/Startup/startup_stm32f446retx.o
LOAD ./Drivers/STM32F4xx_HAL_Driver/Src/stm32f4xx_hal.o
LOAD ./Drivers/STM32F4xx_HAL_Driver/Src/stm32f4xx_hal_adc.o
LOAD ./Drivers/STM32F4xx_HAL_Driver/Src/stm32f4xx_hal_adc_ex.o
LOAD ./Drivers/STM32F4xx_HAL_Driver/Src/stm32f4xx_hal_cortex.o
LOAD ./Drivers/STM32F4xx_HAL_Driver/Src/stm32f4xx_hal_dma.o
LOAD ./Drivers/STM32F4xx_HAL_Driver/Src/stm32f4xx_hal_dma_ex.o
LOAD ./Drivers/STM32F4xx_HAL_Driver/Src/stm32f4xx_hal_exti.o
LOAD ./Drivers/STM32F4xx_HAL_Driver/Src/stm32f4xx_hal_flash.o
LOAD ./Drivers/STM32F4xx_HAL_Driver/Src/stm32f4xx_hal_flash_ex.o
LOAD ./Drivers/STM32F4xx_HAL_Driver/Src/stm32f4xx_hal_flash_ramfunc.o
LOAD ./Drivers/STM32F4xx_HAL_Driver/Src/stm32f4xx_hal_gpio.o
LOAD ./Drivers/STM32F4xx_HAL_Driver/Src/stm32f4xx_hal_pwr.o
LOAD ./Drivers/STM32F4xx_HAL_Driver/Src/stm32f4xx_hal_pwr_ex.o
LOAD ./Drivers/STM32F4xx_HAL_Driver/Src/stm32f4xx_hal_rcc.o
LOAD ./Drivers/STM32F4xx_HAL_Driver/Src/stm32f4xx_hal_rcc_ex.o
LOAD ./Drivers/STM32F4xx_HAL_Driver/Src/stm32f4xx_hal_tim.o
LOAD ./Drivers/STM32F4xx_HAL_Driver/Src/stm32f4xx_hal_tim_ex.o
LOAD ./Drivers/STM32F4xx_HAL_Driver/Src/stm32f4xx_hal_uart.o
LOAD ./Drivers/STM32F4xx_HAL_Driver/Src/stm32f4xx_ll_adc.o
START GROUP
LOAD /opt/st/stm32cubeide_1.10.1/plugins/com.st.stm32cube.ide.mcu.externaltools.gnu-tools-for-stm32.10.3-2021.10.linux64_1.0.0.202111181127/tools/bin/../lib/gcc/arm-none-eabi/10.3.1/../../../../arm-none-eabi/lib/thumb/v7e-m+fp/hard/libstdc++_nano.a
LOAD /opt/st/stm32cubeide_1.10.1/plugins/com.st.stm32cube.ide.mcu.externaltools.gnu-tools-for-stm32.10.3-2021.10.linux64_1.0.0.202111181127/tools/bin/../lib/gcc/arm-none-eabi/10.3.1/../../../../arm-none-eabi/lib/thumb/v7e-m+fp/hard/libsupc++_nano.a
END GROUP
LOAD /opt/st/stm32cubeide_1.10.1/plugins/com.st.stm32cube.ide.mcu.externaltools.gnu-tools-for-stm32.10.3-2021.10.linux64_1.0.0.202111181127/tools/bin/../lib/gcc/arm-none-eabi/10.3.1/../../../../arm-none-eabi/lib/thumb/v7e-m+fp/hard/libstdc++_nano.a
LOAD /opt/st/stm32cubeide_1.10.1/plugins/com.st.stm32cube.ide.mcu.externaltools.gnu-tools-for-stm32.10.3-2021.10.linux64_1.0.0.202111181127/tools/bin/../lib/gcc/arm-none-eabi/10.3.1/../../../../arm-none-eabi/lib/thumb/v7e-m+fp/hard/libm.a
LOAD /opt/st/stm32cubeide_1.10.1/plugins/com.st.stm32cube.ide.mcu.externaltools.gnu-tools-for-stm32.10.3-2021.10.linux64_1.0.0.202111181127/tools/bin/../lib/gcc/arm-none-eabi/10.3.1/../../../../arm-none-eabi/lib/thumb/v7e-m+fp/hard/libc_nano.a
START GROUP
LOAD /opt/st/stm32cubeide_1.10.1/plugins/com.st.stm32cube.ide.mcu.externaltools.gnu-tools-for-stm32.10.3-2021.10.linux64_1.0.0.202111181127/tools/bin/../lib/gcc/arm-none-eabi/10.3.1/thumb/v7e-m+fp/hard/libgcc.a
LOAD /opt/st/stm32cubeide_1.10.1/plugins/com.st.stm32cube.ide.mcu.externaltools.gnu-tools-for-stm32.10.3-2021.10.linux64_1.0.0.202111181127/tools/bin/../lib/gcc/arm-none-eabi/10.3.1/../../../../arm-none-eabi/lib/thumb/v7e-m+fp/hard/libc_nano.a
END GROUP
START GROUP
LOAD /opt/st/stm32cubeide_1.10.1/plugins/com.st.stm32cube.ide.mcu.externaltools.gnu-tools-for-stm32.10.3-2021.10.linux64_1.0.0.202111181127/tools/bin/../lib/gcc/arm-none-eabi/10.3.1/thumb/v7e-m+fp/hard/libgcc.a
LOAD /opt/st/stm32cubeide_1.10.1/plugins/com.st.stm32cube.ide.mcu.externaltools.gnu-tools-for-stm32.10.3-2021.10.linux64_1.0.0.202111181127/tools/bin/../lib/gcc/arm-none-eabi/10.3.1/../../../../arm-none-eabi/lib/thumb/v7e-m+fp/hard/libc_nano.a
LOAD /opt/st/stm32cubeide_1.10.1/plugins/com.st.stm32cube.ide.mcu.externaltools.gnu-tools-for-stm32.10.3-2021.10.linux64_1.0.0.202111181127/tools/bin/../lib/gcc/arm-none-eabi/10.3.1/../../../../arm-none-eabi/lib/thumb/v7e-m+fp/hard/libnosys.a
END GROUP
START GROUP
LOAD /opt/st/stm32cubeide_1.10.1/plugins/com.st.stm32cube.ide.mcu.externaltools.gnu-tools-for-stm32.10.3-2021.10.linux64_1.0.0.202111181127/tools/bin/../lib/gcc/arm-none-eabi/10.3.1/thumb/v7e-m+fp/hard/libgcc.a
LOAD /opt/st/stm32cubeide_1.10.1/plugins/com.st.stm32cube.ide.mcu.externaltools.gnu-tools-for-stm32.10.3-2021.10.linux64_1.0.0.202111181127/tools/bin/../lib/gcc/arm-none-eabi/10.3.1/../../../../arm-none-eabi/lib/thumb/v7e-m+fp/hard/libc_nano.a
LOAD /opt/st/stm32cubeide_1.10.1/plugins/com.st.stm32cube.ide.mcu.externaltools.gnu-tools-for-stm32.10.3-2021.10.linux64_1.0.0.202111181127/tools/bin/../lib/gcc/arm-none-eabi/10.3.1/../../../../arm-none-eabi/lib/thumb/v7e-m+fp/hard/libnosys.a
END GROUP
LOAD /opt/st/stm32cubeide_1.10.1/plugins/com.st.stm32cube.ide.mcu.externaltools.gnu-tools-for-stm32.10.3-2021.10.linux64_1.0.0.202111181127/tools/bin/../lib/gcc/arm-none-eabi/10.3.1/thumb/v7e-m+fp/hard/crtend.o
LOAD /opt/st/stm32cubeide_1.10.1/plugins/com.st.stm32cube.ide.mcu.externaltools.gnu-tools-for-stm32.10.3-2021.10.linux64_1.0.0.202111181127/tools/bin/../lib/gcc/arm-none-eabi/10.3.1/thumb/v7e-m+fp/hard/crtn.o
                0x0000000020020000                _estack = (ORIGIN (RAM) + LENGTH (RAM))
                0x0000000000000200                _Min_Heap_Size = 0x200
                0x0000000000000400                _Min_Stack_Size = 0x400

.isr_vector     0x0000000008000000      0x1c4
                0x0000000008000000                . = ALIGN (0x4)
 *(.isr_vector)
 .isr_vector    0x0000000008000000      0x1c4 ./Core/Startup/startup_stm32f446retx.o
                0x0000000008000000                g_pfnVectors
                0x00000000080001c4                . = ALIGN (0x4)

.text           0x00000000080001c8     0xc250
                0x00000000080001c8                . = ALIGN (0x4)
 *(.text)
 .text          0x00000000080001c8       0x40 /opt/st/stm32cubeide_1.10.1/plugins/com.st.stm32cube.ide.mcu.externaltools.gnu-tools-for-stm32.10.3-2021.10.linux64_1.0.0.202111181127/tools/bin/../lib/gcc/arm-none-eabi/10.3.1/thumb/v7e-m+fp/hard/crtbegin.o
 .text          0x0000000008000208      0x378 /opt/st/stm32cubeide_1.10.1/plugins/com.st.stm32cube.ide.mcu.externaltools.gnu-tools-for-stm32.10.3-2021.10.linux64_1.0.0.202111181127/tools/bin/../lib/gcc/arm-none-eabi/10.3.1/thumb/v7e-m+fp/hard/libgcc.a(_arm_addsubdf3.o)
                0x0000000008000208                __aeabi_drsub
                0x0000000008000210                __aeabi_dsub
                0x0000000008000210                __subdf3
                0x0000000008000214                __adddf3
                0x0000000008000214                __aeabi_dadd
                0x000000000800048c                __aeabi_ui2d
                0x000000000800048c                __floatunsidf
                0x00000000080004ac                __floatsidf
                0x00000000080004ac                __aeabi_i2d
                0x00000000080004d0                __extendsfdf2
                0x00000000080004d0                __aeabi_f2d
                0x0000000008000514                __aeabi_ul2d
                0x0000000008000514                __floatundidf
                0x0000000008000524                __floatdidf
                0x0000000008000524                __aeabi_l2d
 .text          0x0000000008000580      0x424 /opt/st/stm32cubeide_1.10.1/plugins/com.st.stm32cube.ide.mcu.externaltools.gnu-tools-for-stm32.10.3-2021.10.linux64_1.0.0.202111181127/tools/bin/../lib/gcc/arm-none-eabi/10.3.1/thumb/v7e-m+fp/hard/libgcc.a(_arm_muldivdf3.o)
                0x0000000008000580                __aeabi_dmul
                0x0000000008000580                __muldf3
                0x00000000080007d4                __aeabi_ddiv
                0x00000000080007d4                __divdf3
 .text          0x00000000080009a4      0x110 /opt/st/stm32cubeide_1.10.1/plugins/com.st.stm32cube.ide.mcu.externaltools.gnu-tools-for-stm32.10.3-2021.10.linux64_1.0.0.202111181127/tools/bin/../lib/gcc/arm-none-eabi/10.3.1/thumb/v7e-m+fp/hard/libgcc.a(_arm_cmpdf2.o)
                0x00000000080009a4                __gtdf2
                0x00000000080009a4                __gedf2
                0x00000000080009ac                __ltdf2
                0x00000000080009ac                __ledf2
                0x00000000080009b4                __cmpdf2
                0x00000000080009b4                __eqdf2
                0x00000000080009b4                __nedf2
                0x0000000008000a30                __aeabi_cdrcmple
                0x0000000008000a40                __aeabi_cdcmple
                0x0000000008000a40                __aeabi_cdcmpeq
                0x0000000008000a50                __aeabi_dcmpeq
                0x0000000008000a64                __aeabi_dcmplt
                0x0000000008000a78                __aeabi_dcmple
                0x0000000008000a8c                __aeabi_dcmpge
                0x0000000008000aa0                __aeabi_dcmpgt
 .text          0x0000000008000ab4       0x2c /opt/st/stm32cubeide_1.10.1/plugins/com.st.stm32cube.ide.mcu.externaltools.gnu-tools-for-stm32.10.3-2021.10.linux64_1.0.0.202111181127/tools/bin/../lib/gcc/arm-none-eabi/10.3.1/thumb/v7e-m+fp/hard/libgcc.a(_arm_unorddf2.o)
                0x0000000008000ab4                __aeabi_dcmpun
                0x0000000008000ab4                __unorddf2
 .text          0x0000000008000ae0       0xa0 /opt/st/stm32cubeide_1.10.1/plugins/com.st.stm32cube.ide.mcu.externaltools.gnu-tools-for-stm32.10.3-2021.10.linux64_1.0.0.202111181127/tools/bin/../lib/gcc/arm-none-eabi/10.3.1/thumb/v7e-m+fp/hard/libgcc.a(_arm_truncdfsf2.o)
                0x0000000008000ae0                __aeabi_d2f
                0x0000000008000ae0                __truncdfsf2
 .text          0x0000000008000b80       0x30 /opt/st/stm32cubeide_1.10.1/plugins/com.st.stm32cube.ide.mcu.externaltools.gnu-tools-for-stm32.10.3-2021.10.linux64_1.0.0.202111181127/tools/bin/../lib/gcc/arm-none-eabi/10.3.1/thumb/v7e-m+fp/hard/libgcc.a(_aeabi_uldivmod.o)
                0x0000000008000b80                __aeabi_uldivmod
 .text          0x0000000008000bb0      0x2d0 /opt/st/stm32cubeide_1.10.1/plugins/com.st.stm32cube.ide.mcu.externaltools.gnu-tools-for-stm32.10.3-2021.10.linux64_1.0.0.202111181127/tools/bin/../lib/gcc/arm-none-eabi/10.3.1/thumb/v7e-m+fp/hard/libgcc.a(_udivmoddi4.o)
                0x0000000008000bb0                __udivmoddi4
 .text          0x0000000008000e80        0x4 /opt/st/stm32cubeide_1.10.1/plugins/com.st.stm32cube.ide.mcu.externaltools.gnu-tools-for-stm32.10.3-2021.10.linux64_1.0.0.202111181127/tools/bin/../lib/gcc/arm-none-eabi/10.3.1/thumb/v7e-m+fp/hard/libgcc.a(_dvmd_tls.o)
                0x0000000008000e80                __aeabi_ldiv0
                0x0000000008000e80                __aeabi_idiv0
 *(.text*)
 .text._Z10UART_setupv
                0x0000000008000e84       0x1c ./Core/Src/communication.o
                0x0000000008000e84                UART_setup()
 .text._Z40UART_TransmitData_Arrive_Destination_DMAP20__UART_HandleTypeDefb
                0x0000000008000ea0       0x28 ./Core/Src/communication.o
                0x0000000008000ea0                UART_TransmitData_Arrive_Destination_DMA(__UART_HandleTypeDef*, bool)
 .text._Z27UART_ReceiveData_Status_DMAP20__UART_HandleTypeDefPfS1_S1_S1_
                0x0000000008000ec8       0x94 ./Core/Src/communication.o
                0x0000000008000ec8                UART_ReceiveData_Status_DMA(__UART_HandleTypeDef*, float*, float*, float*, float*)
 .text._Z13UART_TRANSMITv
                0x0000000008000f5c       0x1c ./Core/Src/communication.o
                0x0000000008000f5c                UART_TRANSMIT()
 .text.HAL_UART_TxCpltCallback
                0x0000000008000f78       0x54 ./Core/Src/communication.o
                0x0000000008000f78                HAL_UART_TxCpltCallback
 .text.HAL_UART_RxCpltCallback
                0x0000000008000fcc       0xe4 ./Core/Src/communication.o
                0x0000000008000fcc                HAL_UART_RxCpltCallback
 .text._ZSt3absf
                0x00000000080010b0       0x20 ./Core/Src/location.o
                0x00000000080010b0                std::abs(float)
 .text._ZSt5atan2ff
                0x00000000080010d0       0x28 ./Core/Src/location.o
                0x00000000080010d0                std::atan2(float, float)
 .text._ZSt3cosf
                0x00000000080010f8       0x20 ./Core/Src/location.o
                0x00000000080010f8                std::cos(float)
 .text._ZSt3sinf
                0x0000000008001118       0x20 ./Core/Src/location.o
                0x0000000008001118                std::sin(float)
 .text._ZSt4fminff
                0x0000000008001138       0x28 ./Core/Src/location.o
                0x0000000008001138                std::fmin(float, float)
 .text._Z23cis_speedTransfer_modlev
                0x0000000008001160       0xd4 ./Core/Src/location.o
                0x0000000008001160                cis_speedTransfer_modle()
 *fill*         0x0000000008001234        0x4 
 .text._Z25trans_speedTransfer_modleff
                0x0000000008001238      0x128 ./Core/Src/location.o
                0x0000000008001238                trans_speedTransfer_modle(float, float)
 .text._Z14location_resetfff
                0x0000000008001360      0x144 ./Core/Src/location.o
                0x0000000008001360                location_reset(float, float, float)
 .text._ZSt5atan2IiiEN9__gnu_cxx11__promote_2IT_T0_NS0_9__promoteIS2_XsrSt12__is_integerIS2_E7__valueEE6__typeENS4_IS3_XsrS5_IS3_E7__valueEE6__typeEE6__typeES2_S3_
                0x00000000080014a4       0x40 ./Core/Src/location.o
                0x00000000080014a4                __gnu_cxx::__promote_2<int, int, __gnu_cxx::__promote<int, std::__is_integer<int>::__value>::__type, __gnu_cxx::__promote<int, std::__is_integer<int>::__value>::__type>::__type std::atan2<int, int>(int, int)
 *fill*         0x00000000080014e4        0x4 
 .text._Z13location_datai
                0x00000000080014e8      0x3f8 ./Core/Src/location.o
                0x00000000080014e8                location_data(int)
 .text._Z15integral_movetofff
                0x00000000080018e0      0xaf0 ./Core/Src/location.o
                0x00000000080018e0                integral_moveto(float, float, float)
 .text._Z12move_to_lineib
                0x00000000080023d0      0x10c ./Core/Src/location.o
                0x00000000080023d0                move_to_line(int, bool)
 .text._Z3achb  0x00000000080024dc       0x20 ./Core/Src/location.o
                0x00000000080024dc                ach(bool)
 *fill*         0x00000000080024fc        0x4 
 .text._Z12speed_changei
                0x0000000008002500      0xd34 ./Core/Src/location.o
                0x0000000008002500                speed_change(int)
 .text._ZSt3powIfiEN9__gnu_cxx11__promote_2IT_T0_NS0_9__promoteIS2_XsrSt12__is_integerIS2_E7__valueEE6__typeENS4_IS3_XsrS5_IS3_E7__valueEE6__typeEE6__typeES2_S3_
                0x0000000008003234       0x42 ./Core/Src/location.o
                0x0000000008003234                __gnu_cxx::__promote_2<float, int, __gnu_cxx::__promote<float, std::__is_integer<float>::__value>::__type, __gnu_cxx::__promote<int, std::__is_integer<int>::__value>::__type>::__type std::pow<float, int>(float, int)
 *fill*         0x0000000008003276        0x2 
 .text._Z41__static_initialization_and_destruction_0ii
                0x0000000008003278       0x70 ./Core/Src/location.o
 .text._GLOBAL__sub_I_wheel_radius
                0x00000000080032e8       0x10 ./Core/Src/location.o
 .text.main     0x00000000080032f8       0x46 ./Core/Src/main.o
                0x00000000080032f8                main
 *fill*         0x000000000800333e        0x2 
 .text.SystemClock_Config
                0x0000000008003340       0xdc ./Core/Src/main.o
                0x0000000008003340                SystemClock_Config
 .text.MX_ADC1_Init
                0x000000000800341c      0x14c ./Core/Src/main.o
 .text.MX_TIM1_Init
                0x0000000008003568      0x150 ./Core/Src/main.o
 .text.MX_TIM2_Init
                0x00000000080036b8       0xa8 ./Core/Src/main.o
 .text.MX_TIM3_Init
                0x0000000008003760       0xa8 ./Core/Src/main.o
 .text.MX_TIM4_Init
                0x0000000008003808       0xa8 ./Core/Src/main.o
 .text.MX_TIM7_Init
                0x00000000080038b0       0x6c ./Core/Src/main.o
 .text.MX_TIM8_Init
                0x000000000800391c       0xb0 ./Core/Src/main.o
 .text.MX_TIM12_Init
                0x00000000080039cc       0xa0 ./Core/Src/main.o
 .text.MX_TIM13_Init
                0x0000000008003a6c       0x48 ./Core/Src/main.o
 .text.MX_UART4_Init
                0x0000000008003ab4       0x54 ./Core/Src/main.o
 .text.MX_DMA_Init
                0x0000000008003b08       0x7c ./Core/Src/main.o
 .text.MX_GPIO_Init
                0x0000000008003b84      0x128 ./Core/Src/main.o
 .text.Error_Handler
                0x0000000008003cac        0xa ./Core/Src/main.o
                0x0000000008003cac                Error_Handler
 *fill*         0x0000000008003cb6        0x2 
 .text.setup    0x0000000008003cb8       0x38 ./Core/Src/mainpp.o
                0x0000000008003cb8                setup
 .text.divide   0x0000000008003cf0       0x2c ./Core/Src/mainpp.o
                0x0000000008003cf0                divide
 .text.wait     0x0000000008003d1c       0x38 ./Core/Src/mainpp.o
                0x0000000008003d1c                wait
 .text.main_function
                0x0000000008003d54      0x1f8 ./Core/Src/mainpp.o
                0x0000000008003d54                main_function
 .text.HAL_TIM_PeriodElapsedCallback
                0x0000000008003f4c       0xa8 ./Core/Src/mainpp.o
                0x0000000008003f4c                HAL_TIM_PeriodElapsedCallback
 .text.HAL_GPIO_EXTI_Callback
                0x0000000008003ff4       0x1a ./Core/Src/mainpp.o
                0x0000000008003ff4                HAL_GPIO_EXTI_Callback
 *fill*         0x000000000800400e        0x2 
 .text._Z13DCmotor_setupv
                0x0000000008004010       0x7c ./Core/Src/motor.o
                0x0000000008004010                DCmotor_setup()
 .text._Z14PI_control_runP8DC_motorf
                0x000000000800408c      0x204 ./Core/Src/motor.o
                0x000000000800408c                PI_control_run(DC_motor*, float)
 .text._Z8getStateP8DC_motorii
                0x0000000008004290       0xa0 ./Core/Src/motor.o
                0x0000000008004290                getState(DC_motor*, int, int)
 .text._Z11Cascade_runv
                0x0000000008004330      0x294 ./Core/Src/motor.o
                0x0000000008004330                Cascade_run()
 .text._Z14updateLocationt
                0x00000000080045c4       0xe4 ./Core/Src/motor.o
                0x00000000080045c4                updateLocation(unsigned short)
 .text._Z11DCmotor_runv
                0x00000000080046a8       0x90 ./Core/Src/motor.o
                0x00000000080046a8                DCmotor_run()
 .text._Z9encoderspPf
                0x0000000008004738       0x34 ./Core/Src/motor.o
                0x0000000008004738                encodersp(float*)
 .text._Z11speedOutputi
                0x000000000800476c       0x44 ./Core/Src/motor.o
                0x000000000800476c                speedOutput(int)
 .text._Z17reach_destinationv
                0x00000000080047b0       0x84 ./Core/Src/motor.o
                0x00000000080047b0                reach_destination()
 .text._Z19update_cascadeStatef
                0x0000000008004834       0x30 ./Core/Src/motor.o
                0x0000000008004834                update_cascadeState(float)
 .text._Z41__static_initialization_and_destruction_0ii
                0x0000000008004864       0xc8 ./Core/Src/motor.o
 .text._GLOBAL__sub_I_enc_a
                0x000000000800492c       0x10 ./Core/Src/motor.o
 .text._Z10path_setupv
                0x000000000800493c       0x38 ./Core/Src/pathSensor.o
                0x000000000800493c                path_setup()
 *fill*         0x0000000008004974        0x4 
 .text._Z6weightv
                0x0000000008004978      0x16c ./Core/Src/pathSensor.o
                0x0000000008004978                weight()
 *fill*         0x0000000008004ae4        0x4 
 .text._Z4pathb
                0x0000000008004ae8      0x2a8 ./Core/Src/pathSensor.o
                0x0000000008004ae8                path(bool)
 .text._Z11path_movetof
                0x0000000008004d90       0x54 ./Core/Src/pathSensor.o
                0x0000000008004d90                path_moveto(float)
 .text._Z10line_checki
                0x0000000008004de4      0x180 ./Core/Src/pathSensor.o
                0x0000000008004de4                line_check(int)
 .text._Z11servo_setupv
                0x0000000008004f64       0x30 ./Core/Src/servo.o
                0x0000000008004f64                servo_setup()
 .text._Z10servo_moveP5servofi
                0x0000000008004f94       0x2c ./Core/Src/servo.o
                0x0000000008004f94                servo_move(servo*, float, int)
 .text._Z9servo_runP5servoi
                0x0000000008004fc0      0x144 ./Core/Src/servo.o
                0x0000000008004fc0                servo_run(servo*, int)
 .text._Z10blockStatev
                0x0000000008005104       0xa4 ./Core/Src/servo.o
                0x0000000008005104                blockState()
 .text._Z17update_blockstateb
                0x00000000080051a8       0x38 ./Core/Src/servo.o
                0x00000000080051a8                update_blockstate(bool)
 .text.HAL_MspInit
                0x00000000080051e0       0x98 ./Core/Src/stm32f4xx_hal_msp.o
                0x00000000080051e0                HAL_MspInit
 .text.HAL_ADC_MspInit
                0x0000000008005278      0x128 ./Core/Src/stm32f4xx_hal_msp.o
                0x0000000008005278                HAL_ADC_MspInit
 .text.HAL_TIM_PWM_MspInit
                0x00000000080053a0       0x70 ./Core/Src/stm32f4xx_hal_msp.o
                0x00000000080053a0                HAL_TIM_PWM_MspInit
 .text.HAL_TIM_Encoder_MspInit
                0x0000000008005410      0x21c ./Core/Src/stm32f4xx_hal_msp.o
                0x0000000008005410                HAL_TIM_Encoder_MspInit
 .text.HAL_TIM_Base_MspInit
                0x000000000800562c       0x8c ./Core/Src/stm32f4xx_hal_msp.o
                0x000000000800562c                HAL_TIM_Base_MspInit
 .text.HAL_TIM_MspPostInit
                0x00000000080056b8       0xc8 ./Core/Src/stm32f4xx_hal_msp.o
                0x00000000080056b8                HAL_TIM_MspPostInit
 .text.HAL_UART_MspInit
                0x0000000008005780      0x16c ./Core/Src/stm32f4xx_hal_msp.o
                0x0000000008005780                HAL_UART_MspInit
 .text.NMI_Handler
                0x00000000080058ec        0x6 ./Core/Src/stm32f4xx_it.o
                0x00000000080058ec                NMI_Handler
 .text.HardFault_Handler
                0x00000000080058f2        0x6 ./Core/Src/stm32f4xx_it.o
                0x00000000080058f2                HardFault_Handler
 .text.MemManage_Handler
                0x00000000080058f8        0x6 ./Core/Src/stm32f4xx_it.o
                0x00000000080058f8                MemManage_Handler
 .text.BusFault_Handler
                0x00000000080058fe        0x6 ./Core/Src/stm32f4xx_it.o
                0x00000000080058fe                BusFault_Handler
 .text.UsageFault_Handler
                0x0000000008005904        0x6 ./Core/Src/stm32f4xx_it.o
                0x0000000008005904                UsageFault_Handler
 .text.SVC_Handler
                0x000000000800590a        0xe ./Core/Src/stm32f4xx_it.o
                0x000000000800590a                SVC_Handler
 .text.DebugMon_Handler
                0x0000000008005918        0xe ./Core/Src/stm32f4xx_it.o
                0x0000000008005918                DebugMon_Handler
 .text.PendSV_Handler
                0x0000000008005926        0xe ./Core/Src/stm32f4xx_it.o
                0x0000000008005926                PendSV_Handler
 .text.SysTick_Handler
                0x0000000008005934        0xc ./Core/Src/stm32f4xx_it.o
                0x0000000008005934                SysTick_Handler
 .text.DMA1_Stream2_IRQHandler
                0x0000000008005940       0x14 ./Core/Src/stm32f4xx_it.o
                0x0000000008005940                DMA1_Stream2_IRQHandler
 .text.DMA1_Stream4_IRQHandler
                0x0000000008005954       0x14 ./Core/Src/stm32f4xx_it.o
                0x0000000008005954                DMA1_Stream4_IRQHandler
 .text.EXTI9_5_IRQHandler
                0x0000000008005968       0x18 ./Core/Src/stm32f4xx_it.o
                0x0000000008005968                EXTI9_5_IRQHandler
 .text.TIM8_UP_TIM13_IRQHandler
                0x0000000008005980       0x1c ./Core/Src/stm32f4xx_it.o
                0x0000000008005980                TIM8_UP_TIM13_IRQHandler
 .text.UART4_IRQHandler
                0x000000000800599c       0x14 ./Core/Src/stm32f4xx_it.o
                0x000000000800599c                UART4_IRQHandler
 .text.TIM7_IRQHandler
                0x00000000080059b0       0x14 ./Core/Src/stm32f4xx_it.o
                0x00000000080059b0                TIM7_IRQHandler
 .text.DMA2_Stream0_IRQHandler
                0x00000000080059c4       0x14 ./Core/Src/stm32f4xx_it.o
                0x00000000080059c4                DMA2_Stream0_IRQHandler
 .text.SystemInit
                0x00000000080059d8       0x24 ./Core/Src/system_stm32f4xx.o
                0x00000000080059d8                SystemInit
 .text.Reset_Handler
                0x00000000080059fc       0x50 ./Core/Startup/startup_stm32f446retx.o
                0x00000000080059fc                Reset_Handler
 .text.Default_Handler
                0x0000000008005a4c        0x2 ./Core/Startup/startup_stm32f446retx.o
                0x0000000008005a4c                RTC_Alarm_IRQHandler
                0x0000000008005a4c                EXTI2_IRQHandler
                0x0000000008005a4c                TIM8_CC_IRQHandler
                0x0000000008005a4c                FMPI2C1_EV_IRQHandler
                0x0000000008005a4c                SPI4_IRQHandler
                0x0000000008005a4c                TIM1_CC_IRQHandler
                0x0000000008005a4c                DMA2_Stream5_IRQHandler
                0x0000000008005a4c                DMA1_Stream5_IRQHandler
                0x0000000008005a4c                PVD_IRQHandler
                0x0000000008005a4c                SDIO_IRQHandler
                0x0000000008005a4c                TAMP_STAMP_IRQHandler
                0x0000000008005a4c                CAN2_RX1_IRQHandler
                0x0000000008005a4c                EXTI3_IRQHandler
                0x0000000008005a4c                TIM8_TRG_COM_TIM14_IRQHandler
                0x0000000008005a4c                TIM1_UP_TIM10_IRQHandler
                0x0000000008005a4c                I2C3_ER_IRQHandler
                0x0000000008005a4c                EXTI0_IRQHandler
                0x0000000008005a4c                I2C2_EV_IRQHandler
                0x0000000008005a4c                CAN1_RX0_IRQHandler
                0x0000000008005a4c                FPU_IRQHandler
                0x0000000008005a4c                OTG_HS_WKUP_IRQHandler
                0x0000000008005a4c                CAN2_SCE_IRQHandler
                0x0000000008005a4c                DMA2_Stream2_IRQHandler
                0x0000000008005a4c                SPI1_IRQHandler
                0x0000000008005a4c                TIM6_DAC_IRQHandler
                0x0000000008005a4c                TIM1_BRK_TIM9_IRQHandler
                0x0000000008005a4c                DCMI_IRQHandler
                0x0000000008005a4c                CAN2_RX0_IRQHandler
                0x0000000008005a4c                DMA2_Stream3_IRQHandler
                0x0000000008005a4c                SAI2_IRQHandler
                0x0000000008005a4c                USART6_IRQHandler
                0x0000000008005a4c                USART3_IRQHandler
                0x0000000008005a4c                CAN1_RX1_IRQHandler
                0x0000000008005a4c                UART5_IRQHandler
                0x0000000008005a4c                TIM4_IRQHandler
                0x0000000008005a4c                QUADSPI_IRQHandler
                0x0000000008005a4c                I2C1_EV_IRQHandler
                0x0000000008005a4c                DMA1_Stream6_IRQHandler
                0x0000000008005a4c                DMA1_Stream1_IRQHandler
                0x0000000008005a4c                TIM3_IRQHandler
                0x0000000008005a4c                RCC_IRQHandler
                0x0000000008005a4c                TIM8_BRK_TIM12_IRQHandler
                0x0000000008005a4c                Default_Handler
                0x0000000008005a4c                CEC_IRQHandler
                0x0000000008005a4c                EXTI15_10_IRQHandler
                0x0000000008005a4c                ADC_IRQHandler
                0x0000000008005a4c                DMA1_Stream7_IRQHandler
                0x0000000008005a4c                CAN2_TX_IRQHandler
                0x0000000008005a4c                TIM5_IRQHandler
                0x0000000008005a4c                DMA2_Stream7_IRQHandler
                0x0000000008005a4c                I2C3_EV_IRQHandler
                0x0000000008005a4c                RTC_WKUP_IRQHandler
                0x0000000008005a4c                SPDIF_RX_IRQHandler
                0x0000000008005a4c                SPI2_IRQHandler
                0x0000000008005a4c                OTG_HS_EP1_IN_IRQHandler
                0x0000000008005a4c                DMA1_Stream0_IRQHandler
                0x0000000008005a4c                CAN1_TX_IRQHandler
                0x0000000008005a4c                FMPI2C1_ER_IRQHandler
                0x0000000008005a4c                EXTI4_IRQHandler
                0x0000000008005a4c                OTG_HS_EP1_OUT_IRQHandler
                0x0000000008005a4c                WWDG_IRQHandler
                0x0000000008005a4c                TIM2_IRQHandler
                0x0000000008005a4c                OTG_FS_WKUP_IRQHandler
                0x0000000008005a4c                TIM1_TRG_COM_TIM11_IRQHandler
                0x0000000008005a4c                OTG_HS_IRQHandler
                0x0000000008005a4c                EXTI1_IRQHandler
                0x0000000008005a4c                USART2_IRQHandler
                0x0000000008005a4c                I2C2_ER_IRQHandler
                0x0000000008005a4c                DMA2_Stream1_IRQHandler
                0x0000000008005a4c                CAN1_SCE_IRQHandler
                0x0000000008005a4c                FLASH_IRQHandler
                0x0000000008005a4c                DMA2_Stream4_IRQHandler
                0x0000000008005a4c                USART1_IRQHandler
                0x0000000008005a4c                OTG_FS_IRQHandler
                0x0000000008005a4c                SPI3_IRQHandler
                0x0000000008005a4c                I2C1_ER_IRQHandler
                0x0000000008005a4c                FMC_IRQHandler
                0x0000000008005a4c                DMA2_Stream6_IRQHandler
                0x0000000008005a4c                SAI1_IRQHandler
                0x0000000008005a4c                DMA1_Stream3_IRQHandler
 *fill*         0x0000000008005a4e        0x2 
 .text.HAL_Init
                0x0000000008005a50       0x44 ./Drivers/STM32F4xx_HAL_Driver/Src/stm32f4xx_hal.o
                0x0000000008005a50                HAL_Init
 .text.HAL_InitTick
                0x0000000008005a94       0x60 ./Drivers/STM32F4xx_HAL_Driver/Src/stm32f4xx_hal.o
                0x0000000008005a94                HAL_InitTick
 .text.HAL_IncTick
                0x0000000008005af4       0x28 ./Drivers/STM32F4xx_HAL_Driver/Src/stm32f4xx_hal.o
                0x0000000008005af4                HAL_IncTick
 .text.HAL_GetTick
                0x0000000008005b1c       0x18 ./Drivers/STM32F4xx_HAL_Driver/Src/stm32f4xx_hal.o
                0x0000000008005b1c                HAL_GetTick
 .text.HAL_ADC_Init
                0x0000000008005b34       0x86 ./Drivers/STM32F4xx_HAL_Driver/Src/stm32f4xx_hal_adc.o
                0x0000000008005b34                HAL_ADC_Init
 *fill*         0x0000000008005bba        0x2 
 .text.HAL_ADC_Start_DMA
                0x0000000008005bbc      0x220 ./Drivers/STM32F4xx_HAL_Driver/Src/stm32f4xx_hal_adc.o
                0x0000000008005bbc                HAL_ADC_Start_DMA
 .text.HAL_ADC_ConvCpltCallback
                0x0000000008005ddc       0x14 ./Drivers/STM32F4xx_HAL_Driver/Src/stm32f4xx_hal_adc.o
                0x0000000008005ddc                HAL_ADC_ConvCpltCallback
 .text.HAL_ADC_ConvHalfCpltCallback
                0x0000000008005df0       0x14 ./Drivers/STM32F4xx_HAL_Driver/Src/stm32f4xx_hal_adc.o
                0x0000000008005df0                HAL_ADC_ConvHalfCpltCallback
 .text.HAL_ADC_ErrorCallback
                0x0000000008005e04       0x14 ./Drivers/STM32F4xx_HAL_Driver/Src/stm32f4xx_hal_adc.o
                0x0000000008005e04                HAL_ADC_ErrorCallback
 .text.HAL_ADC_ConfigChannel
                0x0000000008005e18      0x264 ./Drivers/STM32F4xx_HAL_Driver/Src/stm32f4xx_hal_adc.o
                0x0000000008005e18                HAL_ADC_ConfigChannel
 .text.ADC_Init
                0x000000000800607c      0x1f8 ./Drivers/STM32F4xx_HAL_Driver/Src/stm32f4xx_hal_adc.o
 .text.ADC_DMAConvCplt
                0x0000000008006274       0xba ./Drivers/STM32F4xx_HAL_Driver/Src/stm32f4xx_hal_adc.o
 .text.ADC_DMAHalfConvCplt
                0x000000000800632e       0x1c ./Drivers/STM32F4xx_HAL_Driver/Src/stm32f4xx_hal_adc.o
 .text.ADC_DMAError
                0x000000000800634a       0x2e ./Drivers/STM32F4xx_HAL_Driver/Src/stm32f4xx_hal_adc.o
 .text.__NVIC_SetPriorityGrouping
                0x0000000008006378       0x48 ./Drivers/STM32F4xx_HAL_Driver/Src/stm32f4xx_hal_cortex.o
 .text.__NVIC_GetPriorityGrouping
                0x00000000080063c0       0x1c ./Drivers/STM32F4xx_HAL_Driver/Src/stm32f4xx_hal_cortex.o
 .text.__NVIC_EnableIRQ
                0x00000000080063dc       0x3c ./Drivers/STM32F4xx_HAL_Driver/Src/stm32f4xx_hal_cortex.o
 .text.__NVIC_SetPriority
                0x0000000008006418       0x54 ./Drivers/STM32F4xx_HAL_Driver/Src/stm32f4xx_hal_cortex.o
 .text.NVIC_EncodePriority
                0x000000000800646c       0x66 ./Drivers/STM32F4xx_HAL_Driver/Src/stm32f4xx_hal_cortex.o
 *fill*         0x00000000080064d2        0x2 
 .text.SysTick_Config
                0x00000000080064d4       0x44 ./Drivers/STM32F4xx_HAL_Driver/Src/stm32f4xx_hal_cortex.o
 .text.HAL_NVIC_SetPriorityGrouping
                0x0000000008006518       0x16 ./Drivers/STM32F4xx_HAL_Driver/Src/stm32f4xx_hal_cortex.o
                0x0000000008006518                HAL_NVIC_SetPriorityGrouping
 .text.HAL_NVIC_SetPriority
                0x000000000800652e       0x38 ./Drivers/STM32F4xx_HAL_Driver/Src/stm32f4xx_hal_cortex.o
                0x000000000800652e                HAL_NVIC_SetPriority
 .text.HAL_NVIC_EnableIRQ
                0x0000000008006566       0x1c ./Drivers/STM32F4xx_HAL_Driver/Src/stm32f4xx_hal_cortex.o
                0x0000000008006566                HAL_NVIC_EnableIRQ
 .text.HAL_SYSTICK_Config
                0x0000000008006582       0x18 ./Drivers/STM32F4xx_HAL_Driver/Src/stm32f4xx_hal_cortex.o
                0x0000000008006582                HAL_SYSTICK_Config
 *fill*         0x000000000800659a        0x2 
 .text.HAL_DMA_Init
                0x000000000800659c      0x15c ./Drivers/STM32F4xx_HAL_Driver/Src/stm32f4xx_hal_dma.o
                0x000000000800659c                HAL_DMA_Init
 .text.HAL_DMA_Start_IT
                0x00000000080066f8       0xb0 ./Drivers/STM32F4xx_HAL_Driver/Src/stm32f4xx_hal_dma.o
                0x00000000080066f8                HAL_DMA_Start_IT
 .text.HAL_DMA_Abort
                0x00000000080067a8       0xe0 ./Drivers/STM32F4xx_HAL_Driver/Src/stm32f4xx_hal_dma.o
                0x00000000080067a8                HAL_DMA_Abort
 .text.HAL_DMA_Abort_IT
                0x0000000008006888       0x44 ./Drivers/STM32F4xx_HAL_Driver/Src/stm32f4xx_hal_dma.o
                0x0000000008006888                HAL_DMA_Abort_IT
 .text.HAL_DMA_IRQHandler
                0x00000000080068cc      0x314 ./Drivers/STM32F4xx_HAL_Driver/Src/stm32f4xx_hal_dma.o
                0x00000000080068cc                HAL_DMA_IRQHandler
 .text.DMA_SetConfig
                0x0000000008006be0       0x5c ./Drivers/STM32F4xx_HAL_Driver/Src/stm32f4xx_hal_dma.o
 .text.DMA_CalcBaseAndBitshift
                0x0000000008006c3c       0x6c ./Drivers/STM32F4xx_HAL_Driver/Src/stm32f4xx_hal_dma.o
 .text.DMA_CheckFifoParam
                0x0000000008006ca8       0xf8 ./Drivers/STM32F4xx_HAL_Driver/Src/stm32f4xx_hal_dma.o
 .text.HAL_GPIO_Init
                0x0000000008006da0      0x328 ./Drivers/STM32F4xx_HAL_Driver/Src/stm32f4xx_hal_gpio.o
                0x0000000008006da0                HAL_GPIO_Init
 .text.HAL_GPIO_ReadPin
                0x00000000080070c8       0x30 ./Drivers/STM32F4xx_HAL_Driver/Src/stm32f4xx_hal_gpio.o
                0x00000000080070c8                HAL_GPIO_ReadPin
 .text.HAL_GPIO_WritePin
                0x00000000080070f8       0x32 ./Drivers/STM32F4xx_HAL_Driver/Src/stm32f4xx_hal_gpio.o
                0x00000000080070f8                HAL_GPIO_WritePin
 *fill*         0x000000000800712a        0x2 
 .text.HAL_GPIO_EXTI_IRQHandler
                0x000000000800712c       0x30 ./Drivers/STM32F4xx_HAL_Driver/Src/stm32f4xx_hal_gpio.o
                0x000000000800712c                HAL_GPIO_EXTI_IRQHandler
 .text.HAL_RCC_ClockConfig
                0x000000000800715c      0x1cc ./Drivers/STM32F4xx_HAL_Driver/Src/stm32f4xx_hal_rcc.o
                0x000000000800715c                HAL_RCC_ClockConfig
 .text.HAL_RCC_GetHCLKFreq
                0x0000000008007328       0x18 ./Drivers/STM32F4xx_HAL_Driver/Src/stm32f4xx_hal_rcc.o
                0x0000000008007328                HAL_RCC_GetHCLKFreq
 .text.HAL_RCC_GetPCLK1Freq
                0x0000000008007340       0x28 ./Drivers/STM32F4xx_HAL_Driver/Src/stm32f4xx_hal_rcc.o
                0x0000000008007340                HAL_RCC_GetPCLK1Freq
 .text.HAL_RCC_GetPCLK2Freq
                0x0000000008007368       0x28 ./Drivers/STM32F4xx_HAL_Driver/Src/stm32f4xx_hal_rcc.o
                0x0000000008007368                HAL_RCC_GetPCLK2Freq
 .text.HAL_RCC_GetSysClockFreq
                0x0000000008007390      0x460 ./Drivers/STM32F4xx_HAL_Driver/Src/stm32f4xx_hal_rcc_ex.o
                0x0000000008007390                HAL_RCC_GetSysClockFreq
 .text.HAL_RCC_OscConfig
                0x00000000080077f0      0x53c ./Drivers/STM32F4xx_HAL_Driver/Src/stm32f4xx_hal_rcc_ex.o
                0x00000000080077f0                HAL_RCC_OscConfig
 .text.HAL_TIM_Base_Init
                0x0000000008007d2c       0x9e ./Drivers/STM32F4xx_HAL_Driver/Src/stm32f4xx_hal_tim.o
                0x0000000008007d2c                HAL_TIM_Base_Init
 *fill*         0x0000000008007dca        0x2 
 .text.HAL_TIM_Base_Start_IT
                0x0000000008007dcc       0xe0 ./Drivers/STM32F4xx_HAL_Driver/Src/stm32f4xx_hal_tim.o
                0x0000000008007dcc                HAL_TIM_Base_Start_IT
 .text.HAL_TIM_Base_Stop_IT
                0x0000000008007eac       0x5e ./Drivers/STM32F4xx_HAL_Driver/Src/stm32f4xx_hal_tim.o
                0x0000000008007eac                HAL_TIM_Base_Stop_IT
 .text.HAL_TIM_PWM_Init
                0x0000000008007f0a       0x9e ./Drivers/STM32F4xx_HAL_Driver/Src/stm32f4xx_hal_tim.o
                0x0000000008007f0a                HAL_TIM_PWM_Init
 .text.HAL_TIM_PWM_Start
                0x0000000008007fa8      0x190 ./Drivers/STM32F4xx_HAL_Driver/Src/stm32f4xx_hal_tim.o
                0x0000000008007fa8                HAL_TIM_PWM_Start
 .text.HAL_TIM_Encoder_Init
                0x0000000008008138      0x14c ./Drivers/STM32F4xx_HAL_Driver/Src/stm32f4xx_hal_tim.o
                0x0000000008008138                HAL_TIM_Encoder_Init
 .text.HAL_TIM_Encoder_Start
                0x0000000008008284      0x11c ./Drivers/STM32F4xx_HAL_Driver/Src/stm32f4xx_hal_tim.o
                0x0000000008008284                HAL_TIM_Encoder_Start
 .text.HAL_TIM_IRQHandler
                0x00000000080083a0      0x210 ./Drivers/STM32F4xx_HAL_Driver/Src/stm32f4xx_hal_tim.o
                0x00000000080083a0                HAL_TIM_IRQHandler
 .text.HAL_TIM_PWM_ConfigChannel
                0x00000000080085b0      0x184 ./Drivers/STM32F4xx_HAL_Driver/Src/stm32f4xx_hal_tim.o
                0x00000000080085b0                HAL_TIM_PWM_ConfigChannel
 .text.HAL_TIM_OC_DelayElapsedCallback
                0x0000000008008734       0x14 ./Drivers/STM32F4xx_HAL_Driver/Src/stm32f4xx_hal_tim.o
                0x0000000008008734                HAL_TIM_OC_DelayElapsedCallback
 .text.HAL_TIM_IC_CaptureCallback
                0x0000000008008748       0x14 ./Drivers/STM32F4xx_HAL_Driver/Src/stm32f4xx_hal_tim.o
                0x0000000008008748                HAL_TIM_IC_CaptureCallback
 .text.HAL_TIM_PWM_PulseFinishedCallback
                0x000000000800875c       0x14 ./Drivers/STM32F4xx_HAL_Driver/Src/stm32f4xx_hal_tim.o
                0x000000000800875c                HAL_TIM_PWM_PulseFinishedCallback
 .text.HAL_TIM_TriggerCallback
                0x0000000008008770       0x14 ./Drivers/STM32F4xx_HAL_Driver/Src/stm32f4xx_hal_tim.o
                0x0000000008008770                HAL_TIM_TriggerCallback
 .text.TIM_Base_SetConfig
                0x0000000008008784      0x140 ./Drivers/STM32F4xx_HAL_Driver/Src/stm32f4xx_hal_tim.o
                0x0000000008008784                TIM_Base_SetConfig
 .text.TIM_OC1_SetConfig
                0x00000000080088c4       0xe0 ./Drivers/STM32F4xx_HAL_Driver/Src/stm32f4xx_hal_tim.o
 .text.TIM_OC2_SetConfig
                0x00000000080089a4       0xec ./Drivers/STM32F4xx_HAL_Driver/Src/stm32f4xx_hal_tim.o
                0x00000000080089a4                TIM_OC2_SetConfig
 .text.TIM_OC3_SetConfig
                0x0000000008008a90       0xe8 ./Drivers/STM32F4xx_HAL_Driver/Src/stm32f4xx_hal_tim.o
 .text.TIM_OC4_SetConfig
                0x0000000008008b78       0xac ./Drivers/STM32F4xx_HAL_Driver/Src/stm32f4xx_hal_tim.o
 .text.TIM_CCxChannelCmd
                0x0000000008008c24       0x4a ./Drivers/STM32F4xx_HAL_Driver/Src/stm32f4xx_hal_tim.o
                0x0000000008008c24                TIM_CCxChannelCmd
 *fill*         0x0000000008008c6e        0x2 
 .text.HAL_TIMEx_MasterConfigSynchronization
                0x0000000008008c70       0xf8 ./Drivers/STM32F4xx_HAL_Driver/Src/stm32f4xx_hal_tim_ex.o
                0x0000000008008c70                HAL_TIMEx_MasterConfigSynchronization
 .text.HAL_TIMEx_ConfigBreakDeadTime
                0x0000000008008d68       0xa4 ./Drivers/STM32F4xx_HAL_Driver/Src/stm32f4xx_hal_tim_ex.o
                0x0000000008008d68                HAL_TIMEx_ConfigBreakDeadTime
 .text.HAL_TIMEx_CommutCallback
                0x0000000008008e0c       0x14 ./Drivers/STM32F4xx_HAL_Driver/Src/stm32f4xx_hal_tim_ex.o
                0x0000000008008e0c                HAL_TIMEx_CommutCallback
 .text.HAL_TIMEx_BreakCallback
                0x0000000008008e20       0x14 ./Drivers/STM32F4xx_HAL_Driver/Src/stm32f4xx_hal_tim_ex.o
                0x0000000008008e20                HAL_TIMEx_BreakCallback
 .text.HAL_UART_Init
                0x0000000008008e34       0x9a ./Drivers/STM32F4xx_HAL_Driver/Src/stm32f4xx_hal_uart.o
                0x0000000008008e34                HAL_UART_Init
 *fill*         0x0000000008008ece        0x2 
 .text.HAL_UART_Transmit_DMA
                0x0000000008008ed0       0xfc ./Drivers/STM32F4xx_HAL_Driver/Src/stm32f4xx_hal_uart.o
                0x0000000008008ed0                HAL_UART_Transmit_DMA
 .text.HAL_UART_Receive_DMA
                0x0000000008008fcc       0x60 ./Drivers/STM32F4xx_HAL_Driver/Src/stm32f4xx_hal_uart.o
                0x0000000008008fcc                HAL_UART_Receive_DMA
 .text.HAL_UART_IRQHandler
                0x000000000800902c      0x51c ./Drivers/STM32F4xx_HAL_Driver/Src/stm32f4xx_hal_uart.o
                0x000000000800902c                HAL_UART_IRQHandler
 .text.HAL_UART_TxHalfCpltCallback
                0x0000000008009548       0x14 ./Drivers/STM32F4xx_HAL_Driver/Src/stm32f4xx_hal_uart.o
                0x0000000008009548                HAL_UART_TxHalfCpltCallback
 .text.HAL_UART_RxHalfCpltCallback
                0x000000000800955c       0x14 ./Drivers/STM32F4xx_HAL_Driver/Src/stm32f4xx_hal_uart.o
                0x000000000800955c                HAL_UART_RxHalfCpltCallback
 .text.HAL_UART_ErrorCallback
                0x0000000008009570       0x14 ./Drivers/STM32F4xx_HAL_Driver/Src/stm32f4xx_hal_uart.o
                0x0000000008009570                HAL_UART_ErrorCallback
 .text.HAL_UARTEx_RxEventCallback
                0x0000000008009584       0x18 ./Drivers/STM32F4xx_HAL_Driver/Src/stm32f4xx_hal_uart.o
                0x0000000008009584                HAL_UARTEx_RxEventCallback
 .text.UART_DMATransmitCplt
                0x000000000800959c       0x9a ./Drivers/STM32F4xx_HAL_Driver/Src/stm32f4xx_hal_uart.o
 .text.UART_DMATxHalfCplt
                0x0000000008009636       0x1c ./Drivers/STM32F4xx_HAL_Driver/Src/stm32f4xx_hal_uart.o
 .text.UART_DMAReceiveCplt
                0x0000000008009652      0x126 ./Drivers/STM32F4xx_HAL_Driver/Src/stm32f4xx_hal_uart.o
 .text.UART_DMARxHalfCplt
                0x0000000008009778       0x36 ./Drivers/STM32F4xx_HAL_Driver/Src/stm32f4xx_hal_uart.o
 .text.UART_DMAError
                0x00000000080097ae       0x94 ./Drivers/STM32F4xx_HAL_Driver/Src/stm32f4xx_hal_uart.o
 *fill*         0x0000000008009842        0x2 
 .text.UART_Start_Receive_DMA
                0x0000000008009844      0x13c ./Drivers/STM32F4xx_HAL_Driver/Src/stm32f4xx_hal_uart.o
                0x0000000008009844                UART_Start_Receive_DMA
 .text.UART_EndTxTransfer
                0x0000000008009980       0x50 ./Drivers/STM32F4xx_HAL_Driver/Src/stm32f4xx_hal_uart.o
 .text.UART_EndRxTransfer
                0x00000000080099d0       0xc6 ./Drivers/STM32F4xx_HAL_Driver/Src/stm32f4xx_hal_uart.o
 .text.UART_DMAAbortOnError
                0x0000000008009a96       0x28 ./Drivers/STM32F4xx_HAL_Driver/Src/stm32f4xx_hal_uart.o
 .text.UART_Transmit_IT
                0x0000000008009abe       0xa0 ./Drivers/STM32F4xx_HAL_Driver/Src/stm32f4xx_hal_uart.o
 .text.UART_EndTransmit_IT
                0x0000000008009b5e       0x30 ./Drivers/STM32F4xx_HAL_Driver/Src/stm32f4xx_hal_uart.o
 .text.UART_Receive_IT
                0x0000000008009b8e      0x176 ./Drivers/STM32F4xx_HAL_Driver/Src/stm32f4xx_hal_uart.o
 .text.UART_SetConfig
                0x0000000008009d04      0x4e8 ./Drivers/STM32F4xx_HAL_Driver/Src/stm32f4xx_hal_uart.o
 .text.cosf     0x000000000800a1ec       0x88 /opt/st/stm32cubeide_1.10.1/plugins/com.st.stm32cube.ide.mcu.externaltools.gnu-tools-for-stm32.10.3-2021.10.linux64_1.0.0.202111181127/tools/bin/../lib/gcc/arm-none-eabi/10.3.1/../../../../arm-none-eabi/lib/thumb/v7e-m+fp/hard/libm.a(lib_a-sf_cos.o)
                0x000000000800a1ec                cosf
 .text.fminf    0x000000000800a274       0x36 /opt/st/stm32cubeide_1.10.1/plugins/com.st.stm32cube.ide.mcu.externaltools.gnu-tools-for-stm32.10.3-2021.10.linux64_1.0.0.202111181127/tools/bin/../lib/gcc/arm-none-eabi/10.3.1/../../../../arm-none-eabi/lib/thumb/v7e-m+fp/hard/libm.a(lib_a-sf_fmin.o)
                0x000000000800a274                fminf
 *fill*         0x000000000800a2aa        0x2 
 .text.__fpclassifyf
                0x000000000800a2ac       0x38 /opt/st/stm32cubeide_1.10.1/plugins/com.st.stm32cube.ide.mcu.externaltools.gnu-tools-for-stm32.10.3-2021.10.linux64_1.0.0.202111181127/tools/bin/../lib/gcc/arm-none-eabi/10.3.1/../../../../arm-none-eabi/lib/thumb/v7e-m+fp/hard/libm.a(lib_a-sf_fpclassify.o)
                0x000000000800a2ac                __fpclassifyf
 .text.sinf     0x000000000800a2e4       0x8c /opt/st/stm32cubeide_1.10.1/plugins/com.st.stm32cube.ide.mcu.externaltools.gnu-tools-for-stm32.10.3-2021.10.linux64_1.0.0.202111181127/tools/bin/../lib/gcc/arm-none-eabi/10.3.1/../../../../arm-none-eabi/lib/thumb/v7e-m+fp/hard/libm.a(lib_a-sf_sin.o)
                0x000000000800a2e4                sinf
 .text.atan2    0x000000000800a370        0x4 /opt/st/stm32cubeide_1.10.1/plugins/com.st.stm32cube.ide.mcu.externaltools.gnu-tools-for-stm32.10.3-2021.10.linux64_1.0.0.202111181127/tools/bin/../lib/gcc/arm-none-eabi/10.3.1/../../../../arm-none-eabi/lib/thumb/v7e-m+fp/hard/libm.a(lib_a-w_atan2.o)
                0x000000000800a370                atan2
 .text.pow      0x000000000800a374       0xe0 /opt/st/stm32cubeide_1.10.1/plugins/com.st.stm32cube.ide.mcu.externaltools.gnu-tools-for-stm32.10.3-2021.10.linux64_1.0.0.202111181127/tools/bin/../lib/gcc/arm-none-eabi/10.3.1/../../../../arm-none-eabi/lib/thumb/v7e-m+fp/hard/libm.a(lib_a-w_pow.o)
                0x000000000800a374                pow
 .text.atan2f   0x000000000800a454        0x4 /opt/st/stm32cubeide_1.10.1/plugins/com.st.stm32cube.ide.mcu.externaltools.gnu-tools-for-stm32.10.3-2021.10.linux64_1.0.0.202111181127/tools/bin/../lib/gcc/arm-none-eabi/10.3.1/../../../../arm-none-eabi/lib/thumb/v7e-m+fp/hard/libm.a(lib_a-wf_atan2.o)
                0x000000000800a454                atan2f
 .text.__ieee754_atan2
                0x000000000800a458      0x194 /opt/st/stm32cubeide_1.10.1/plugins/com.st.stm32cube.ide.mcu.externaltools.gnu-tools-for-stm32.10.3-2021.10.linux64_1.0.0.202111181127/tools/bin/../lib/gcc/arm-none-eabi/10.3.1/../../../../arm-none-eabi/lib/thumb/v7e-m+fp/hard/libm.a(lib_a-e_atan2.o)
                0x000000000800a458                __ieee754_atan2
 *fill*         0x000000000800a5ec        0x4 
 .text.__ieee754_pow
                0x000000000800a5f0      0xa5c /opt/st/stm32cubeide_1.10.1/plugins/com.st.stm32cube.ide.mcu.externaltools.gnu-tools-for-stm32.10.3-2021.10.linux64_1.0.0.202111181127/tools/bin/../lib/gcc/arm-none-eabi/10.3.1/../../../../arm-none-eabi/lib/thumb/v7e-m+fp/hard/libm.a(lib_a-e_pow.o)
                0x000000000800a5f0                __ieee754_pow
 .text.__ieee754_sqrt
                0x000000000800b04c      0x164 /opt/st/stm32cubeide_1.10.1/plugins/com.st.stm32cube.ide.mcu.externaltools.gnu-tools-for-stm32.10.3-2021.10.linux64_1.0.0.202111181127/tools/bin/../lib/gcc/arm-none-eabi/10.3.1/../../../../arm-none-eabi/lib/thumb/v7e-m+fp/hard/libm.a(lib_a-e_sqrt.o)
                0x000000000800b04c                __ieee754_sqrt
 .text.__ieee754_atan2f
                0x000000000800b1b0      0x140 /opt/st/stm32cubeide_1.10.1/plugins/com.st.stm32cube.ide.mcu.externaltools.gnu-tools-for-stm32.10.3-2021.10.linux64_1.0.0.202111181127/tools/bin/../lib/gcc/arm-none-eabi/10.3.1/../../../../arm-none-eabi/lib/thumb/v7e-m+fp/hard/libm.a(lib_a-ef_atan2.o)
                0x000000000800b1b0                __ieee754_atan2f
 .text.__ieee754_rem_pio2f
                0x000000000800b2f0      0x278 /opt/st/stm32cubeide_1.10.1/plugins/com.st.stm32cube.ide.mcu.externaltools.gnu-tools-for-stm32.10.3-2021.10.linux64_1.0.0.202111181127/tools/bin/../lib/gcc/arm-none-eabi/10.3.1/../../../../arm-none-eabi/lib/thumb/v7e-m+fp/hard/libm.a(lib_a-ef_rem_pio2.o)
                0x000000000800b2f0                __ieee754_rem_pio2f
 .text.__kernel_cosf
                0x000000000800b568       0xc0 /opt/st/stm32cubeide_1.10.1/plugins/com.st.stm32cube.ide.mcu.externaltools.gnu-tools-for-stm32.10.3-2021.10.linux64_1.0.0.202111181127/tools/bin/../lib/gcc/arm-none-eabi/10.3.1/../../../../arm-none-eabi/lib/thumb/v7e-m+fp/hard/libm.a(lib_a-kf_cos.o)
                0x000000000800b568                __kernel_cosf
 .text.__kernel_rem_pio2f
                0x000000000800b628      0x4ec /opt/st/stm32cubeide_1.10.1/plugins/com.st.stm32cube.ide.mcu.externaltools.gnu-tools-for-stm32.10.3-2021.10.linux64_1.0.0.202111181127/tools/bin/../lib/gcc/arm-none-eabi/10.3.1/../../../../arm-none-eabi/lib/thumb/v7e-m+fp/hard/libm.a(lib_a-kf_rem_pio2.o)
                0x000000000800b628                __kernel_rem_pio2f
 .text.__kernel_sinf
                0x000000000800bb14       0x90 /opt/st/stm32cubeide_1.10.1/plugins/com.st.stm32cube.ide.mcu.externaltools.gnu-tools-for-stm32.10.3-2021.10.linux64_1.0.0.202111181127/tools/bin/../lib/gcc/arm-none-eabi/10.3.1/../../../../arm-none-eabi/lib/thumb/v7e-m+fp/hard/libm.a(lib_a-kf_sin.o)
                0x000000000800bb14                __kernel_sinf
 .text.with_errno
                0x000000000800bba4       0x14 /opt/st/stm32cubeide_1.10.1/plugins/com.st.stm32cube.ide.mcu.externaltools.gnu-tools-for-stm32.10.3-2021.10.linux64_1.0.0.202111181127/tools/bin/../lib/gcc/arm-none-eabi/10.3.1/../../../../arm-none-eabi/lib/thumb/v7e-m+fp/hard/libm.a(lib_a-math_err.o)
 .text.xflow    0x000000000800bbb8       0x28 /opt/st/stm32cubeide_1.10.1/plugins/com.st.stm32cube.ide.mcu.externaltools.gnu-tools-for-stm32.10.3-2021.10.linux64_1.0.0.202111181127/tools/bin/../lib/gcc/arm-none-eabi/10.3.1/../../../../arm-none-eabi/lib/thumb/v7e-m+fp/hard/libm.a(lib_a-math_err.o)
 .text.__math_uflow
                0x000000000800bbe0       0x12 /opt/st/stm32cubeide_1.10.1/plugins/com.st.stm32cube.ide.mcu.externaltools.gnu-tools-for-stm32.10.3-2021.10.linux64_1.0.0.202111181127/tools/bin/../lib/gcc/arm-none-eabi/10.3.1/../../../../arm-none-eabi/lib/thumb/v7e-m+fp/hard/libm.a(lib_a-math_err.o)
                0x000000000800bbe0                __math_uflow
 .text.__math_oflow
                0x000000000800bbf2       0x12 /opt/st/stm32cubeide_1.10.1/plugins/com.st.stm32cube.ide.mcu.externaltools.gnu-tools-for-stm32.10.3-2021.10.linux64_1.0.0.202111181127/tools/bin/../lib/gcc/arm-none-eabi/10.3.1/../../../../arm-none-eabi/lib/thumb/v7e-m+fp/hard/libm.a(lib_a-math_err.o)
                0x000000000800bbf2                __math_oflow
 *fill*         0x000000000800bc04        0x4 
 .text.atan     0x000000000800bc08      0x340 /opt/st/stm32cubeide_1.10.1/plugins/com.st.stm32cube.ide.mcu.externaltools.gnu-tools-for-stm32.10.3-2021.10.linux64_1.0.0.202111181127/tools/bin/../lib/gcc/arm-none-eabi/10.3.1/../../../../arm-none-eabi/lib/thumb/v7e-m+fp/hard/libm.a(lib_a-s_atan.o)
                0x000000000800bc08                atan
 .text.fabs     0x000000000800bf48       0x12 /opt/st/stm32cubeide_1.10.1/plugins/com.st.stm32cube.ide.mcu.externaltools.gnu-tools-for-stm32.10.3-2021.10.linux64_1.0.0.202111181127/tools/bin/../lib/gcc/arm-none-eabi/10.3.1/../../../../arm-none-eabi/lib/thumb/v7e-m+fp/hard/libm.a(lib_a-s_fabs.o)
                0x000000000800bf48                fabs
 .text.finite   0x000000000800bf5a       0x16 /opt/st/stm32cubeide_1.10.1/plugins/com.st.stm32cube.ide.mcu.externaltools.gnu-tools-for-stm32.10.3-2021.10.linux64_1.0.0.202111181127/tools/bin/../lib/gcc/arm-none-eabi/10.3.1/../../../../arm-none-eabi/lib/thumb/v7e-m+fp/hard/libm.a(lib_a-s_finite.o)
                0x000000000800bf5a                finite
 .text.scalbn   0x000000000800bf70      0x10c /opt/st/stm32cubeide_1.10.1/plugins/com.st.stm32cube.ide.mcu.externaltools.gnu-tools-for-stm32.10.3-2021.10.linux64_1.0.0.202111181127/tools/bin/../lib/gcc/arm-none-eabi/10.3.1/../../../../arm-none-eabi/lib/thumb/v7e-m+fp/hard/libm.a(lib_a-s_scalbn.o)
                0x000000000800bf70                scalbn
 .text.atanf    0x000000000800c07c      0x1a8 /opt/st/stm32cubeide_1.10.1/plugins/com.st.stm32cube.ide.mcu.externaltools.gnu-tools-for-stm32.10.3-2021.10.linux64_1.0.0.202111181127/tools/bin/../lib/gcc/arm-none-eabi/10.3.1/../../../../arm-none-eabi/lib/thumb/v7e-m+fp/hard/libm.a(lib_a-sf_atan.o)
                0x000000000800c07c                atanf
 .text.fabsf    0x000000000800c224        0xe /opt/st/stm32cubeide_1.10.1/plugins/com.st.stm32cube.ide.mcu.externaltools.gnu-tools-for-stm32.10.3-2021.10.linux64_1.0.0.202111181127/tools/bin/../lib/gcc/arm-none-eabi/10.3.1/../../../../arm-none-eabi/lib/thumb/v7e-m+fp/hard/libm.a(lib_a-sf_fabs.o)
                0x000000000800c224                fabsf
 *fill*         0x000000000800c232        0x2 
 .text.floorf   0x000000000800c234       0x84 /opt/st/stm32cubeide_1.10.1/plugins/com.st.stm32cube.ide.mcu.externaltools.gnu-tools-for-stm32.10.3-2021.10.linux64_1.0.0.202111181127/tools/bin/../lib/gcc/arm-none-eabi/10.3.1/../../../../arm-none-eabi/lib/thumb/v7e-m+fp/hard/libm.a(lib_a-sf_floor.o)
                0x000000000800c234                floorf
 .text.scalbnf  0x000000000800c2b8       0xe4 /opt/st/stm32cubeide_1.10.1/plugins/com.st.stm32cube.ide.mcu.externaltools.gnu-tools-for-stm32.10.3-2021.10.linux64_1.0.0.202111181127/tools/bin/../lib/gcc/arm-none-eabi/10.3.1/../../../../arm-none-eabi/lib/thumb/v7e-m+fp/hard/libm.a(lib_a-sf_scalbn.o)
                0x000000000800c2b8                scalbnf
 .text.__errno  0x000000000800c39c        0xc /opt/st/stm32cubeide_1.10.1/plugins/com.st.stm32cube.ide.mcu.externaltools.gnu-tools-for-stm32.10.3-2021.10.linux64_1.0.0.202111181127/tools/bin/../lib/gcc/arm-none-eabi/10.3.1/../../../../arm-none-eabi/lib/thumb/v7e-m+fp/hard/libc_nano.a(lib_a-errno.o)
                0x000000000800c39c                __errno
 .text.__libc_init_array
                0x000000000800c3a8       0x48 /opt/st/stm32cubeide_1.10.1/plugins/com.st.stm32cube.ide.mcu.externaltools.gnu-tools-for-stm32.10.3-2021.10.linux64_1.0.0.202111181127/tools/bin/../lib/gcc/arm-none-eabi/10.3.1/../../../../arm-none-eabi/lib/thumb/v7e-m+fp/hard/libc_nano.a(lib_a-init.o)
                0x000000000800c3a8                __libc_init_array
 .text.memset   0x000000000800c3f0       0x10 /opt/st/stm32cubeide_1.10.1/plugins/com.st.stm32cube.ide.mcu.externaltools.gnu-tools-for-stm32.10.3-2021.10.linux64_1.0.0.202111181127/tools/bin/../lib/gcc/arm-none-eabi/10.3.1/../../../../arm-none-eabi/lib/thumb/v7e-m+fp/hard/libc_nano.a(lib_a-memset.o)
                0x000000000800c3f0                memset
 *(.glue_7)
 .glue_7        0x000000000800c400        0x0 linker stubs
 *(.glue_7t)
 .glue_7t       0x000000000800c400        0x0 linker stubs
 *(.eh_frame)
 .eh_frame      0x000000000800c400        0x0 /opt/st/stm32cubeide_1.10.1/plugins/com.st.stm32cube.ide.mcu.externaltools.gnu-tools-for-stm32.10.3-2021.10.linux64_1.0.0.202111181127/tools/bin/../lib/gcc/arm-none-eabi/10.3.1/thumb/v7e-m+fp/hard/crtbegin.o
 *(.init)
 .init          0x000000000800c400        0x4 /opt/st/stm32cubeide_1.10.1/plugins/com.st.stm32cube.ide.mcu.externaltools.gnu-tools-for-stm32.10.3-2021.10.linux64_1.0.0.202111181127/tools/bin/../lib/gcc/arm-none-eabi/10.3.1/thumb/v7e-m+fp/hard/crti.o
                0x000000000800c400                _init
 .init          0x000000000800c404        0x8 /opt/st/stm32cubeide_1.10.1/plugins/com.st.stm32cube.ide.mcu.externaltools.gnu-tools-for-stm32.10.3-2021.10.linux64_1.0.0.202111181127/tools/bin/../lib/gcc/arm-none-eabi/10.3.1/thumb/v7e-m+fp/hard/crtn.o
 *(.fini)
 .fini          0x000000000800c40c        0x4 /opt/st/stm32cubeide_1.10.1/plugins/com.st.stm32cube.ide.mcu.externaltools.gnu-tools-for-stm32.10.3-2021.10.linux64_1.0.0.202111181127/tools/bin/../lib/gcc/arm-none-eabi/10.3.1/thumb/v7e-m+fp/hard/crti.o
                0x000000000800c40c                _fini
 .fini          0x000000000800c410        0x8 /opt/st/stm32cubeide_1.10.1/plugins/com.st.stm32cube.ide.mcu.externaltools.gnu-tools-for-stm32.10.3-2021.10.linux64_1.0.0.202111181127/tools/bin/../lib/gcc/arm-none-eabi/10.3.1/thumb/v7e-m+fp/hard/crtn.o
                0x000000000800c418                . = ALIGN (0x4)
                0x000000000800c418                _etext = .

.vfp11_veneer   0x000000000800c418        0x0
 .vfp11_veneer  0x000000000800c418        0x0 linker stubs

.v4_bx          0x000000000800c418        0x0
 .v4_bx         0x000000000800c418        0x0 linker stubs

.iplt           0x000000000800c418        0x0
 .iplt          0x000000000800c418        0x0 /opt/st/stm32cubeide_1.10.1/plugins/com.st.stm32cube.ide.mcu.externaltools.gnu-tools-for-stm32.10.3-2021.10.linux64_1.0.0.202111181127/tools/bin/../lib/gcc/arm-none-eabi/10.3.1/thumb/v7e-m+fp/hard/crtbegin.o

.rodata         0x000000000800c418      0x4c8
                0x000000000800c418                . = ALIGN (0x4)
 *(.rodata)
 *(.rodata*)
 .rodata.AHBPrescTable
                0x000000000800c418       0x10 ./Core/Src/system_stm32f4xx.o
                0x000000000800c418                AHBPrescTable
 .rodata.APBPrescTable
                0x000000000800c428        0x8 ./Core/Src/system_stm32f4xx.o
                0x000000000800c428                APBPrescTable
 .rodata.flagBitshiftOffset.0
                0x000000000800c430        0x8 ./Drivers/STM32F4xx_HAL_Driver/Src/stm32f4xx_hal_dma.o
 .rodata.CSWTCH.8
                0x000000000800c438       0x18 /opt/st/stm32cubeide_1.10.1/plugins/com.st.stm32cube.ide.mcu.externaltools.gnu-tools-for-stm32.10.3-2021.10.linux64_1.0.0.202111181127/tools/bin/../lib/gcc/arm-none-eabi/10.3.1/../../../../arm-none-eabi/lib/thumb/v7e-m+fp/hard/libm.a(lib_a-e_atan2.o)
 .rodata.CSWTCH.9
                0x000000000800c450       0x18 /opt/st/stm32cubeide_1.10.1/plugins/com.st.stm32cube.ide.mcu.externaltools.gnu-tools-for-stm32.10.3-2021.10.linux64_1.0.0.202111181127/tools/bin/../lib/gcc/arm-none-eabi/10.3.1/../../../../arm-none-eabi/lib/thumb/v7e-m+fp/hard/libm.a(lib_a-e_atan2.o)
 .rodata.bp     0x000000000800c468       0x10 /opt/st/stm32cubeide_1.10.1/plugins/com.st.stm32cube.ide.mcu.externaltools.gnu-tools-for-stm32.10.3-2021.10.linux64_1.0.0.202111181127/tools/bin/../lib/gcc/arm-none-eabi/10.3.1/../../../../arm-none-eabi/lib/thumb/v7e-m+fp/hard/libm.a(lib_a-e_pow.o)
 .rodata.dp_h   0x000000000800c478       0x10 /opt/st/stm32cubeide_1.10.1/plugins/com.st.stm32cube.ide.mcu.externaltools.gnu-tools-for-stm32.10.3-2021.10.linux64_1.0.0.202111181127/tools/bin/../lib/gcc/arm-none-eabi/10.3.1/../../../../arm-none-eabi/lib/thumb/v7e-m+fp/hard/libm.a(lib_a-e_pow.o)
 .rodata.dp_l   0x000000000800c488       0x10 /opt/st/stm32cubeide_1.10.1/plugins/com.st.stm32cube.ide.mcu.externaltools.gnu-tools-for-stm32.10.3-2021.10.linux64_1.0.0.202111181127/tools/bin/../lib/gcc/arm-none-eabi/10.3.1/../../../../arm-none-eabi/lib/thumb/v7e-m+fp/hard/libm.a(lib_a-e_pow.o)
 .rodata.CSWTCH.8
                0x000000000800c498        0xc /opt/st/stm32cubeide_1.10.1/plugins/com.st.stm32cube.ide.mcu.externaltools.gnu-tools-for-stm32.10.3-2021.10.linux64_1.0.0.202111181127/tools/bin/../lib/gcc/arm-none-eabi/10.3.1/../../../../arm-none-eabi/lib/thumb/v7e-m+fp/hard/libm.a(lib_a-ef_atan2.o)
 .rodata.CSWTCH.9
                0x000000000800c4a4        0xc /opt/st/stm32cubeide_1.10.1/plugins/com.st.stm32cube.ide.mcu.externaltools.gnu-tools-for-stm32.10.3-2021.10.linux64_1.0.0.202111181127/tools/bin/../lib/gcc/arm-none-eabi/10.3.1/../../../../arm-none-eabi/lib/thumb/v7e-m+fp/hard/libm.a(lib_a-ef_atan2.o)
 .rodata.npio2_hw
                0x000000000800c4b0       0x80 /opt/st/stm32cubeide_1.10.1/plugins/com.st.stm32cube.ide.mcu.externaltools.gnu-tools-for-stm32.10.3-2021.10.linux64_1.0.0.202111181127/tools/bin/../lib/gcc/arm-none-eabi/10.3.1/../../../../arm-none-eabi/lib/thumb/v7e-m+fp/hard/libm.a(lib_a-ef_rem_pio2.o)
 .rodata.two_over_pi
                0x000000000800c530      0x318 /opt/st/stm32cubeide_1.10.1/plugins/com.st.stm32cube.ide.mcu.externaltools.gnu-tools-for-stm32.10.3-2021.10.linux64_1.0.0.202111181127/tools/bin/../lib/gcc/arm-none-eabi/10.3.1/../../../../arm-none-eabi/lib/thumb/v7e-m+fp/hard/libm.a(lib_a-ef_rem_pio2.o)
 .rodata.PIo2   0x000000000800c848       0x2c /opt/st/stm32cubeide_1.10.1/plugins/com.st.stm32cube.ide.mcu.externaltools.gnu-tools-for-stm32.10.3-2021.10.linux64_1.0.0.202111181127/tools/bin/../lib/gcc/arm-none-eabi/10.3.1/../../../../arm-none-eabi/lib/thumb/v7e-m+fp/hard/libm.a(lib_a-kf_rem_pio2.o)
 .rodata.init_jk
                0x000000000800c874        0xc /opt/st/stm32cubeide_1.10.1/plugins/com.st.stm32cube.ide.mcu.externaltools.gnu-tools-for-stm32.10.3-2021.10.linux64_1.0.0.202111181127/tools/bin/../lib/gcc/arm-none-eabi/10.3.1/../../../../arm-none-eabi/lib/thumb/v7e-m+fp/hard/libm.a(lib_a-kf_rem_pio2.o)
 .rodata.atanhi
                0x000000000800c880       0x20 /opt/st/stm32cubeide_1.10.1/plugins/com.st.stm32cube.ide.mcu.externaltools.gnu-tools-for-stm32.10.3-2021.10.linux64_1.0.0.202111181127/tools/bin/../lib/gcc/arm-none-eabi/10.3.1/../../../../arm-none-eabi/lib/thumb/v7e-m+fp/hard/libm.a(lib_a-s_atan.o)
 .rodata.atanlo
                0x000000000800c8a0       0x20 /opt/st/stm32cubeide_1.10.1/plugins/com.st.stm32cube.ide.mcu.externaltools.gnu-tools-for-stm32.10.3-2021.10.linux64_1.0.0.202111181127/tools/bin/../lib/gcc/arm-none-eabi/10.3.1/../../../../arm-none-eabi/lib/thumb/v7e-m+fp/hard/libm.a(lib_a-s_atan.o)
 .rodata.atanhi
                0x000000000800c8c0       0x10 /opt/st/stm32cubeide_1.10.1/plugins/com.st.stm32cube.ide.mcu.externaltools.gnu-tools-for-stm32.10.3-2021.10.linux64_1.0.0.202111181127/tools/bin/../lib/gcc/arm-none-eabi/10.3.1/../../../../arm-none-eabi/lib/thumb/v7e-m+fp/hard/libm.a(lib_a-sf_atan.o)
 .rodata.atanlo
                0x000000000800c8d0       0x10 /opt/st/stm32cubeide_1.10.1/plugins/com.st.stm32cube.ide.mcu.externaltools.gnu-tools-for-stm32.10.3-2021.10.linux64_1.0.0.202111181127/tools/bin/../lib/gcc/arm-none-eabi/10.3.1/../../../../arm-none-eabi/lib/thumb/v7e-m+fp/hard/libm.a(lib_a-sf_atan.o)
                0x000000000800c8e0                . = ALIGN (0x4)

.ARM.extab      0x000000000800c8e0        0x0
                0x000000000800c8e0                . = ALIGN (0x4)
 *(.ARM.extab* .gnu.linkonce.armextab.*)
                0x000000000800c8e0                . = ALIGN (0x4)

.ARM            0x000000000800c8e0        0x8
                0x000000000800c8e0                . = ALIGN (0x4)
                0x000000000800c8e0                __exidx_start = .
 *(.ARM.exidx*)
 .ARM.exidx     0x000000000800c8e0        0x8 /opt/st/stm32cubeide_1.10.1/plugins/com.st.stm32cube.ide.mcu.externaltools.gnu-tools-for-stm32.10.3-2021.10.linux64_1.0.0.202111181127/tools/bin/../lib/gcc/arm-none-eabi/10.3.1/thumb/v7e-m+fp/hard/libgcc.a(_udivmoddi4.o)
                0x000000000800c8e8                __exidx_end = .
                0x000000000800c8e8                . = ALIGN (0x4)

.rel.dyn        0x000000000800c8e8        0x0
 .rel.iplt      0x000000000800c8e8        0x0 /opt/st/stm32cubeide_1.10.1/plugins/com.st.stm32cube.ide.mcu.externaltools.gnu-tools-for-stm32.10.3-2021.10.linux64_1.0.0.202111181127/tools/bin/../lib/gcc/arm-none-eabi/10.3.1/thumb/v7e-m+fp/hard/crtbegin.o

.preinit_array  0x000000000800c8e8        0x0
                0x000000000800c8e8                . = ALIGN (0x4)
                0x000000000800c8e8                PROVIDE (__preinit_array_start = .)
 *(.preinit_array*)
                0x000000000800c8e8                PROVIDE (__preinit_array_end = .)
                0x000000000800c8e8                . = ALIGN (0x4)

.init_array     0x000000000800c8e8        0xc
                0x000000000800c8e8                . = ALIGN (0x4)
                0x000000000800c8e8                PROVIDE (__init_array_start = .)
 *(SORT_BY_NAME(.init_array.*))
 *(.init_array*)
 .init_array    0x000000000800c8e8        0x4 /opt/st/stm32cubeide_1.10.1/plugins/com.st.stm32cube.ide.mcu.externaltools.gnu-tools-for-stm32.10.3-2021.10.linux64_1.0.0.202111181127/tools/bin/../lib/gcc/arm-none-eabi/10.3.1/thumb/v7e-m+fp/hard/crtbegin.o
 .init_array    0x000000000800c8ec        0x4 ./Core/Src/location.o
 .init_array    0x000000000800c8f0        0x4 ./Core/Src/motor.o
                0x000000000800c8f4                PROVIDE (__init_array_end = .)
                0x000000000800c8f4                . = ALIGN (0x4)

.fini_array     0x000000000800c8f4        0x4
                0x000000000800c8f4                . = ALIGN (0x4)
                [!provide]                        PROVIDE (__fini_array_start = .)
 *(SORT_BY_NAME(.fini_array.*))
 *(.fini_array*)
 .fini_array    0x000000000800c8f4        0x4 /opt/st/stm32cubeide_1.10.1/plugins/com.st.stm32cube.ide.mcu.externaltools.gnu-tools-for-stm32.10.3-2021.10.linux64_1.0.0.202111181127/tools/bin/../lib/gcc/arm-none-eabi/10.3.1/thumb/v7e-m+fp/hard/crtbegin.o
                [!provide]                        PROVIDE (__fini_array_end = .)
                0x000000000800c8f8                . = ALIGN (0x4)
                0x000000000800c8f8                _sidata = LOADADDR (.data)

.data           0x0000000020000000      0x204 load address 0x000000000800c8f8
                0x0000000020000000                . = ALIGN (0x4)
                0x0000000020000000                _sdata = .
 *(.data)
 *(.data*)
 .data.nextPoint
                0x0000000020000000        0x1 ./Core/Src/communication.o
                0x0000000020000000                nextPoint
 *fill*         0x0000000020000001        0x3 
 .data.wheel_radius
                0x0000000020000004        0x4 ./Core/Src/location.o
                0x0000000020000004                wheel_radius
 .data.chassis_radius
                0x0000000020000008        0x4 ./Core/Src/location.o
                0x0000000020000008                chassis_radius
 .data.timer_span
                0x000000002000000c        0x4 ./Core/Src/location.o
                0x000000002000000c                timer_span
 .data.map_theta_front
                0x0000000020000010        0x4 ./Core/Src/location.o
                0x0000000020000010                map_theta_front
 .data.max_sp   0x0000000020000014        0x4 ./Core/Src/location.o
                0x0000000020000014                max_sp
 .data.max_spin
                0x0000000020000018        0x4 ./Core/Src/location.o
                0x0000000020000018                max_spin
 .data.min_sp   0x000000002000001c        0x4 ./Core/Src/location.o
                0x000000002000001c                min_sp
 .data.min_spin
                0x0000000020000020        0x4 ./Core/Src/location.o
                0x0000000020000020                min_spin
 .data.move_mode
                0x0000000020000024        0x4 ./Core/Src/mainpp.o
                0x0000000020000024                move_mode
 .data.ki_wheel
                0x0000000020000028        0x4 ./Core/Src/motor.o
                0x0000000020000028                ki_wheel
 .data.kp_wheel
                0x000000002000002c        0x4 ./Core/Src/motor.o
                0x000000002000002c                kp_wheel
 .data.ki_cascade
                0x0000000020000030        0x4 ./Core/Src/motor.o
                0x0000000020000030                ki_cascade
 .data.kp_cascade
                0x0000000020000034        0x4 ./Core/Src/motor.o
                0x0000000020000034                kp_cascade
 .data.cascade_speed
                0x0000000020000038        0x4 ./Core/Src/motor.o
                0x0000000020000038                cascade_speed
 .data.arr      0x000000002000003c        0x4 ./Core/Src/motor.o
                0x000000002000003c                arr
 .data.span     0x0000000020000040        0x4 ./Core/Src/motor.o
                0x0000000020000040                span
 .data.goalHeight
                0x0000000020000044        0x4 ./Core/Src/motor.o
                0x0000000020000044                goalHeight
 .data.GO_BACK  0x0000000020000048        0x4 ./Core/Src/motor.o
                0x0000000020000048                GO_BACK
 .data.cascade_arrive_down
                0x000000002000004c        0x2 ./Core/Src/motor.o
                0x000000002000004c                cascade_arrive_down
 *fill*         0x000000002000004e        0x2 
 .data.PID_controllers
                0x0000000020000050       0xa0 ./Core/Src/motor.o
                0x0000000020000050                PID_controllers
 .data.DC_Motors
                0x00000000200000f0       0x60 ./Core/Src/motor.o
                0x00000000200000f0                DC_Motors
 .data.responseTime
                0x0000000020000150        0x4 ./Core/Src/servo.o
                0x0000000020000150                responseTime
 .data.servoAngle
                0x0000000020000154        0x8 ./Core/Src/servo.o
                0x0000000020000154                servoAngle
 .data.servoFL  0x000000002000015c       0x1c ./Core/Src/servo.o
                0x000000002000015c                servoFL
 .data.servoBL  0x0000000020000178       0x1c ./Core/Src/servo.o
                0x0000000020000178                servoBL
 .data.SystemCoreClock
                0x0000000020000194        0x4 ./Core/Src/system_stm32f4xx.o
                0x0000000020000194                SystemCoreClock
 .data.uwTickPrio
                0x0000000020000198        0x4 ./Drivers/STM32F4xx_HAL_Driver/Src/stm32f4xx_hal.o
                0x0000000020000198                uwTickPrio
 .data.uwTickFreq
                0x000000002000019c        0x1 ./Drivers/STM32F4xx_HAL_Driver/Src/stm32f4xx_hal.o
                0x000000002000019c                uwTickFreq
 *fill*         0x000000002000019d        0x3 
 .data._impure_ptr
                0x00000000200001a0        0x4 /opt/st/stm32cubeide_1.10.1/plugins/com.st.stm32cube.ide.mcu.externaltools.gnu-tools-for-stm32.10.3-2021.10.linux64_1.0.0.202111181127/tools/bin/../lib/gcc/arm-none-eabi/10.3.1/../../../../arm-none-eabi/lib/thumb/v7e-m+fp/hard/libc_nano.a(lib_a-impure.o)
                0x00000000200001a0                _impure_ptr
 .data.impure_data
                0x00000000200001a4       0x60 /opt/st/stm32cubeide_1.10.1/plugins/com.st.stm32cube.ide.mcu.externaltools.gnu-tools-for-stm32.10.3-2021.10.linux64_1.0.0.202111181127/tools/bin/../lib/gcc/arm-none-eabi/10.3.1/../../../../arm-none-eabi/lib/thumb/v7e-m+fp/hard/libc_nano.a(lib_a-impure.o)
 *(.RamFunc)
 *(.RamFunc*)
                0x0000000020000204                . = ALIGN (0x4)
                0x0000000020000204                _edata = .

.igot.plt       0x0000000020000204        0x0 load address 0x000000000800cafc
 .igot.plt      0x0000000020000204        0x0 /opt/st/stm32cubeide_1.10.1/plugins/com.st.stm32cube.ide.mcu.externaltools.gnu-tools-for-stm32.10.3-2021.10.linux64_1.0.0.202111181127/tools/bin/../lib/gcc/arm-none-eabi/10.3.1/thumb/v7e-m+fp/hard/crtbegin.o
                0x0000000020000204                . = ALIGN (0x4)

.bss            0x0000000020000204      0x520 load address 0x000000000800cafc
                0x0000000020000204                _sbss = .
                0x0000000020000204                __bss_start__ = _sbss
 *(.bss)
 .bss           0x0000000020000204       0x1c /opt/st/stm32cubeide_1.10.1/plugins/com.st.stm32cube.ide.mcu.externaltools.gnu-tools-for-stm32.10.3-2021.10.linux64_1.0.0.202111181127/tools/bin/../lib/gcc/arm-none-eabi/10.3.1/thumb/v7e-m+fp/hard/crtbegin.o
 *(.bss*)
 .bss.statusData
                0x0000000020000220       0x10 ./Core/Src/communication.o
                0x0000000020000220                statusData
 .bss.rx        0x0000000020000230        0x4 ./Core/Src/communication.o
                0x0000000020000230                rx
 .bss.tx        0x0000000020000234        0x4 ./Core/Src/communication.o
                0x0000000020000234                tx
 .bss.buffer_TX
                0x0000000020000238        0x1 ./Core/Src/communication.o
                0x0000000020000238                buffer_TX
 *fill*         0x0000000020000239        0x3 
 .bss.buffer_RX
                0x000000002000023c       0x10 ./Core/Src/communication.o
                0x000000002000023c                buffer_RX
 .bss.chassis_right_wheel_angspeed
                0x000000002000024c        0x4 ./Core/Src/location.o
                0x000000002000024c                chassis_right_wheel_angspeed
 .bss.chassis_left_wheel_angspeed
                0x0000000020000250        0x4 ./Core/Src/location.o
                0x0000000020000250                chassis_left_wheel_angspeed
 .bss.chassis_speed
                0x0000000020000254        0x4 ./Core/Src/location.o
                0x0000000020000254                chassis_speed
 .bss.chassis_angspeed
                0x0000000020000258        0x4 ./Core/Src/location.o
                0x0000000020000258                chassis_angspeed
 .bss.encRead   0x000000002000025c        0x8 ./Core/Src/location.o
                0x000000002000025c                encRead
 .bss.map_x     0x0000000020000264        0x4 ./Core/Src/location.o
                0x0000000020000264                map_x
 .bss.map_y     0x0000000020000268        0x4 ./Core/Src/location.o
                0x0000000020000268                map_y
 .bss.map_theta_back
                0x000000002000026c        0x4 ./Core/Src/location.o
                0x000000002000026c                map_theta_back
 .bss.goal_x    0x0000000020000270        0x4 ./Core/Src/location.o
                0x0000000020000270                goal_x
 .bss.goal_y    0x0000000020000274        0x4 ./Core/Src/location.o
                0x0000000020000274                goal_y
 .bss.to_theta  0x0000000020000278        0x4 ./Core/Src/location.o
                0x0000000020000278                to_theta
 .bss.goal_theta
                0x000000002000027c        0x4 ./Core/Src/location.o
                0x000000002000027c                goal_theta
 .bss.start_x   0x0000000020000280        0x4 ./Core/Src/location.o
                0x0000000020000280                start_x
 .bss.start_y   0x0000000020000284        0x4 ./Core/Src/location.o
                0x0000000020000284                start_y
 .bss.start_theta_front
                0x0000000020000288        0x4 ./Core/Src/location.o
                0x0000000020000288                start_theta_front
 .bss.start_theta_back
                0x000000002000028c        0x4 ./Core/Src/location.o
                0x000000002000028c                start_theta_back
 .bss.end_theta_front
                0x0000000020000290        0x4 ./Core/Src/location.o
                0x0000000020000290                end_theta_front
 .bss.last_x    0x0000000020000294        0x4 ./Core/Src/location.o
                0x0000000020000294                last_x
 .bss.last_y    0x0000000020000298        0x4 ./Core/Src/location.o
                0x0000000020000298                last_y
 .bss.last_theta
                0x000000002000029c        0x4 ./Core/Src/location.o
                0x000000002000029c                last_theta
 .bss.last_goal_theta
                0x00000000200002a0        0x4 ./Core/Src/location.o
                0x00000000200002a0                last_goal_theta
 .bss.SP        0x00000000200002a4        0x4 ./Core/Src/location.o
                0x00000000200002a4                SP
 .bss.spin      0x00000000200002a8        0x4 ./Core/Src/location.o
                0x00000000200002a8                spin
 .bss.Correction_sp
                0x00000000200002ac        0x4 ./Core/Src/location.o
                0x00000000200002ac                Correction_sp
 .bss.mode      0x00000000200002b0        0x4 ./Core/Src/location.o
                0x00000000200002b0                mode
 .bss.check_sf  0x00000000200002b4        0x4 ./Core/Src/location.o
                0x00000000200002b4                check_sf
 .bss.check_sb  0x00000000200002b8        0x4 ./Core/Src/location.o
                0x00000000200002b8                check_sb
 .bss.check_f   0x00000000200002bc        0x4 ./Core/Src/location.o
                0x00000000200002bc                check_f
 .bss.check_b   0x00000000200002c0        0x4 ./Core/Src/location.o
                0x00000000200002c0                check_b
 .bss.check_a   0x00000000200002c4        0x4 ./Core/Src/location.o
                0x00000000200002c4                check_a
 .bss.check_e   0x00000000200002c8        0x4 ./Core/Src/location.o
                0x00000000200002c8                check_e
 .bss.line_find
                0x00000000200002cc        0x1 ./Core/Src/location.o
                0x00000000200002cc                line_find
 .bss.arrive    0x00000000200002cd        0x1 ./Core/Src/location.o
                0x00000000200002cd                arrive
 *fill*         0x00000000200002ce        0x2 
 .bss.hadc1     0x00000000200002d0       0x48 ./Core/Src/main.o
                0x00000000200002d0                hadc1
 .bss.hdma_adc1
                0x0000000020000318       0x60 ./Core/Src/main.o
                0x0000000020000318                hdma_adc1
 .bss.htim1     0x0000000020000378       0x48 ./Core/Src/main.o
                0x0000000020000378                htim1
 .bss.htim2     0x00000000200003c0       0x48 ./Core/Src/main.o
                0x00000000200003c0                htim2
 .bss.htim3     0x0000000020000408       0x48 ./Core/Src/main.o
                0x0000000020000408                htim3
 .bss.htim4     0x0000000020000450       0x48 ./Core/Src/main.o
                0x0000000020000450                htim4
 .bss.htim7     0x0000000020000498       0x48 ./Core/Src/main.o
                0x0000000020000498                htim7
 .bss.htim8     0x00000000200004e0       0x48 ./Core/Src/main.o
                0x00000000200004e0                htim8
 .bss.htim12    0x0000000020000528       0x48 ./Core/Src/main.o
                0x0000000020000528                htim12
 .bss.htim13    0x0000000020000570       0x48 ./Core/Src/main.o
                0x0000000020000570                htim13
 .bss.huart4    0x00000000200005b8       0x44 ./Core/Src/main.o
                0x00000000200005b8                huart4
 .bss.hdma_uart4_rx
                0x00000000200005fc       0x60 ./Core/Src/main.o
                0x00000000200005fc                hdma_uart4_rx
 .bss.hdma_uart4_tx
                0x000000002000065c       0x60 ./Core/Src/main.o
                0x000000002000065c                hdma_uart4_tx
 .bss.delay_count
                0x00000000200006bc        0x4 ./Core/Src/mainpp.o
                0x00000000200006bc                delay_count
 .bss.divide_10_count
                0x00000000200006c0        0x4 ./Core/Src/mainpp.o
                0x00000000200006c0                divide_10_count
 .bss.divide_100_count
                0x00000000200006c4        0x4 ./Core/Src/mainpp.o
                0x00000000200006c4                divide_100_count
 .bss.tt        0x00000000200006c8        0x4 ./Core/Src/mainpp.o
                0x00000000200006c8                tt
 .bss.sp        0x00000000200006cc       0x10 ./Core/Src/motor.o
                0x00000000200006cc                sp
 .bss.a         0x00000000200006dc        0x8 ./Core/Src/motor.o
                0x00000000200006dc                a
 .bss.cascade_state
                0x00000000200006e4        0x4 ./Core/Src/motor.o
                0x00000000200006e4                cascade_state
 .bss.k         0x00000000200006e8        0x4 ./Core/Src/motor.o
                0x00000000200006e8                k
 .bss.adcRead   0x00000000200006ec        0xe ./Core/Src/pathSensor.o
                0x00000000200006ec                adcRead
 *fill*         0x00000000200006fa        0x2 
 .bss.check     0x00000000200006fc        0x4 ./Core/Src/pathSensor.o
                0x00000000200006fc                check
 .bss.weight_err
                0x0000000020000700        0x4 ./Core/Src/pathSensor.o
                0x0000000020000700                weight_err
 .bss.weight_lasttime
                0x0000000020000704        0x4 ./Core/Src/pathSensor.o
                0x0000000020000704                weight_lasttime
 .bss.weight_change
                0x0000000020000708        0x4 ./Core/Src/pathSensor.o
                0x0000000020000708                weight_change
 .bss.tempSpeed
                0x000000002000070c        0x8 ./Core/Src/pathSensor.o
                0x000000002000070c                tempSpeed
 .bss.path_motor_speed
                0x0000000020000714        0x8 ./Core/Src/pathSensor.o
                0x0000000020000714                path_motor_speed
 .bss.path_dis  0x000000002000071c        0x4 ./Core/Src/pathSensor.o
                0x000000002000071c                path_dis
 .bss.uwTick    0x0000000020000720        0x4 ./Drivers/STM32F4xx_HAL_Driver/Src/stm32f4xx_hal.o
                0x0000000020000720                uwTick
 *(COMMON)
                0x0000000020000724                . = ALIGN (0x4)
                0x0000000020000724                _ebss = .
                0x0000000020000724                __bss_end__ = _ebss

._user_heap_stack
                0x0000000020000724      0x604 load address 0x000000000800cafc
                0x0000000020000728                . = ALIGN (0x8)
 *fill*         0x0000000020000724        0x4 
                [!provide]                        PROVIDE (end = .)
                0x0000000020000728                PROVIDE (_end = .)
                0x0000000020000928                . = (. + _Min_Heap_Size)
 *fill*         0x0000000020000728      0x200 
                0x0000000020000d28                . = (. + _Min_Stack_Size)
 *fill*         0x0000000020000928      0x400 
                0x0000000020000d28                . = ALIGN (0x8)

/DISCARD/
 libc.a(*)
 libm.a(*)
 libgcc.a(*)

.ARM.attributes
                0x0000000000000000       0x30
 *(.ARM.attributes)
 .ARM.attributes
                0x0000000000000000       0x1e /opt/st/stm32cubeide_1.10.1/plugins/com.st.stm32cube.ide.mcu.externaltools.gnu-tools-for-stm32.10.3-2021.10.linux64_1.0.0.202111181127/tools/bin/../lib/gcc/arm-none-eabi/10.3.1/thumb/v7e-m+fp/hard/crti.o
 .ARM.attributes
                0x000000000000001e       0x34 /opt/st/stm32cubeide_1.10.1/plugins/com.st.stm32cube.ide.mcu.externaltools.gnu-tools-for-stm32.10.3-2021.10.linux64_1.0.0.202111181127/tools/bin/../lib/gcc/arm-none-eabi/10.3.1/thumb/v7e-m+fp/hard/crtbegin.o
 .ARM.attributes
                0x0000000000000052       0x34 ./Core/Src/communication.o
 .ARM.attributes
                0x0000000000000086       0x34 ./Core/Src/location.o
 .ARM.attributes
                0x00000000000000ba       0x34 ./Core/Src/main.o
 .ARM.attributes
                0x00000000000000ee       0x34 ./Core/Src/mainpp.o
 .ARM.attributes
                0x0000000000000122       0x34 ./Core/Src/motor.o
 .ARM.attributes
                0x0000000000000156       0x34 ./Core/Src/pathSensor.o
 .ARM.attributes
                0x000000000000018a       0x34 ./Core/Src/servo.o
 .ARM.attributes
                0x00000000000001be       0x34 ./Core/Src/stm32f4xx_hal_msp.o
 .ARM.attributes
                0x00000000000001f2       0x34 ./Core/Src/stm32f4xx_it.o
 .ARM.attributes
                0x0000000000000226       0x34 ./Core/Src/system_stm32f4xx.o
 .ARM.attributes
                0x000000000000025a       0x21 ./Core/Startup/startup_stm32f446retx.o
 .ARM.attributes
                0x000000000000027b       0x34 ./Drivers/STM32F4xx_HAL_Driver/Src/stm32f4xx_hal.o
 .ARM.attributes
                0x00000000000002af       0x34 ./Drivers/STM32F4xx_HAL_Driver/Src/stm32f4xx_hal_adc.o
 .ARM.attributes
                0x00000000000002e3       0x34 ./Drivers/STM32F4xx_HAL_Driver/Src/stm32f4xx_hal_cortex.o
 .ARM.attributes
                0x0000000000000317       0x34 ./Drivers/STM32F4xx_HAL_Driver/Src/stm32f4xx_hal_dma.o
 .ARM.attributes
                0x000000000000034b       0x34 ./Drivers/STM32F4xx_HAL_Driver/Src/stm32f4xx_hal_gpio.o
 .ARM.attributes
                0x000000000000037f       0x34 ./Drivers/STM32F4xx_HAL_Driver/Src/stm32f4xx_hal_rcc.o
 .ARM.attributes
                0x00000000000003b3       0x34 ./Drivers/STM32F4xx_HAL_Driver/Src/stm32f4xx_hal_rcc_ex.o
 .ARM.attributes
                0x00000000000003e7       0x34 ./Drivers/STM32F4xx_HAL_Driver/Src/stm32f4xx_hal_tim.o
 .ARM.attributes
                0x000000000000041b       0x34 ./Drivers/STM32F4xx_HAL_Driver/Src/stm32f4xx_hal_tim_ex.o
 .ARM.attributes
                0x000000000000044f       0x34 ./Drivers/STM32F4xx_HAL_Driver/Src/stm32f4xx_hal_uart.o
 .ARM.attributes
                0x0000000000000483       0x34 /opt/st/stm32cubeide_1.10.1/plugins/com.st.stm32cube.ide.mcu.externaltools.gnu-tools-for-stm32.10.3-2021.10.linux64_1.0.0.202111181127/tools/bin/../lib/gcc/arm-none-eabi/10.3.1/../../../../arm-none-eabi/lib/thumb/v7e-m+fp/hard/libm.a(lib_a-sf_cos.o)
 .ARM.attributes
                0x00000000000004b7       0x34 /opt/st/stm32cubeide_1.10.1/plugins/com.st.stm32cube.ide.mcu.externaltools.gnu-tools-for-stm32.10.3-2021.10.linux64_1.0.0.202111181127/tools/bin/../lib/gcc/arm-none-eabi/10.3.1/../../../../arm-none-eabi/lib/thumb/v7e-m+fp/hard/libm.a(lib_a-sf_fmin.o)
 .ARM.attributes
                0x00000000000004eb       0x34 /opt/st/stm32cubeide_1.10.1/plugins/com.st.stm32cube.ide.mcu.externaltools.gnu-tools-for-stm32.10.3-2021.10.linux64_1.0.0.202111181127/tools/bin/../lib/gcc/arm-none-eabi/10.3.1/../../../../arm-none-eabi/lib/thumb/v7e-m+fp/hard/libm.a(lib_a-sf_fpclassify.o)
 .ARM.attributes
                0x000000000000051f       0x34 /opt/st/stm32cubeide_1.10.1/plugins/com.st.stm32cube.ide.mcu.externaltools.gnu-tools-for-stm32.10.3-2021.10.linux64_1.0.0.202111181127/tools/bin/../lib/gcc/arm-none-eabi/10.3.1/../../../../arm-none-eabi/lib/thumb/v7e-m+fp/hard/libm.a(lib_a-sf_sin.o)
 .ARM.attributes
                0x0000000000000553       0x34 /opt/st/stm32cubeide_1.10.1/plugins/com.st.stm32cube.ide.mcu.externaltools.gnu-tools-for-stm32.10.3-2021.10.linux64_1.0.0.202111181127/tools/bin/../lib/gcc/arm-none-eabi/10.3.1/../../../../arm-none-eabi/lib/thumb/v7e-m+fp/hard/libm.a(lib_a-w_atan2.o)
 .ARM.attributes
                0x0000000000000587       0x34 /opt/st/stm32cubeide_1.10.1/plugins/com.st.stm32cube.ide.mcu.externaltools.gnu-tools-for-stm32.10.3-2021.10.linux64_1.0.0.202111181127/tools/bin/../lib/gcc/arm-none-eabi/10.3.1/../../../../arm-none-eabi/lib/thumb/v7e-m+fp/hard/libm.a(lib_a-w_pow.o)
 .ARM.attributes
                0x00000000000005bb       0x34 /opt/st/stm32cubeide_1.10.1/plugins/com.st.stm32cube.ide.mcu.externaltools.gnu-tools-for-stm32.10.3-2021.10.linux64_1.0.0.202111181127/tools/bin/../lib/gcc/arm-none-eabi/10.3.1/../../../../arm-none-eabi/lib/thumb/v7e-m+fp/hard/libm.a(lib_a-wf_atan2.o)
 .ARM.attributes
                0x00000000000005ef       0x34 /opt/st/stm32cubeide_1.10.1/plugins/com.st.stm32cube.ide.mcu.externaltools.gnu-tools-for-stm32.10.3-2021.10.linux64_1.0.0.202111181127/tools/bin/../lib/gcc/arm-none-eabi/10.3.1/../../../../arm-none-eabi/lib/thumb/v7e-m+fp/hard/libm.a(lib_a-e_atan2.o)
 .ARM.attributes
                0x0000000000000623       0x34 /opt/st/stm32cubeide_1.10.1/plugins/com.st.stm32cube.ide.mcu.externaltools.gnu-tools-for-stm32.10.3-2021.10.linux64_1.0.0.202111181127/tools/bin/../lib/gcc/arm-none-eabi/10.3.1/../../../../arm-none-eabi/lib/thumb/v7e-m+fp/hard/libm.a(lib_a-e_pow.o)
 .ARM.attributes
                0x0000000000000657       0x34 /opt/st/stm32cubeide_1.10.1/plugins/com.st.stm32cube.ide.mcu.externaltools.gnu-tools-for-stm32.10.3-2021.10.linux64_1.0.0.202111181127/tools/bin/../lib/gcc/arm-none-eabi/10.3.1/../../../../arm-none-eabi/lib/thumb/v7e-m+fp/hard/libm.a(lib_a-e_sqrt.o)
 .ARM.attributes
                0x000000000000068b       0x34 /opt/st/stm32cubeide_1.10.1/plugins/com.st.stm32cube.ide.mcu.externaltools.gnu-tools-for-stm32.10.3-2021.10.linux64_1.0.0.202111181127/tools/bin/../lib/gcc/arm-none-eabi/10.3.1/../../../../arm-none-eabi/lib/thumb/v7e-m+fp/hard/libm.a(lib_a-ef_atan2.o)
 .ARM.attributes
                0x00000000000006bf       0x34 /opt/st/stm32cubeide_1.10.1/plugins/com.st.stm32cube.ide.mcu.externaltools.gnu-tools-for-stm32.10.3-2021.10.linux64_1.0.0.202111181127/tools/bin/../lib/gcc/arm-none-eabi/10.3.1/../../../../arm-none-eabi/lib/thumb/v7e-m+fp/hard/libm.a(lib_a-ef_rem_pio2.o)
 .ARM.attributes
                0x00000000000006f3       0x34 /opt/st/stm32cubeide_1.10.1/plugins/com.st.stm32cube.ide.mcu.externaltools.gnu-tools-for-stm32.10.3-2021.10.linux64_1.0.0.202111181127/tools/bin/../lib/gcc/arm-none-eabi/10.3.1/../../../../arm-none-eabi/lib/thumb/v7e-m+fp/hard/libm.a(lib_a-kf_cos.o)
 .ARM.attributes
                0x0000000000000727       0x34 /opt/st/stm32cubeide_1.10.1/plugins/com.st.stm32cube.ide.mcu.externaltools.gnu-tools-for-stm32.10.3-2021.10.linux64_1.0.0.202111181127/tools/bin/../lib/gcc/arm-none-eabi/10.3.1/../../../../arm-none-eabi/lib/thumb/v7e-m+fp/hard/libm.a(lib_a-kf_rem_pio2.o)
 .ARM.attributes
                0x000000000000075b       0x34 /opt/st/stm32cubeide_1.10.1/plugins/com.st.stm32cube.ide.mcu.externaltools.gnu-tools-for-stm32.10.3-2021.10.linux64_1.0.0.202111181127/tools/bin/../lib/gcc/arm-none-eabi/10.3.1/../../../../arm-none-eabi/lib/thumb/v7e-m+fp/hard/libm.a(lib_a-kf_sin.o)
 .ARM.attributes
                0x000000000000078f       0x34 /opt/st/stm32cubeide_1.10.1/plugins/com.st.stm32cube.ide.mcu.externaltools.gnu-tools-for-stm32.10.3-2021.10.linux64_1.0.0.202111181127/tools/bin/../lib/gcc/arm-none-eabi/10.3.1/../../../../arm-none-eabi/lib/thumb/v7e-m+fp/hard/libm.a(lib_a-math_err.o)
 .ARM.attributes
                0x00000000000007c3       0x34 /opt/st/stm32cubeide_1.10.1/plugins/com.st.stm32cube.ide.mcu.externaltools.gnu-tools-for-stm32.10.3-2021.10.linux64_1.0.0.202111181127/tools/bin/../lib/gcc/arm-none-eabi/10.3.1/../../../../arm-none-eabi/lib/thumb/v7e-m+fp/hard/libm.a(lib_a-s_atan.o)
 .ARM.attributes
                0x00000000000007f7       0x34 /opt/st/stm32cubeide_1.10.1/plugins/com.st.stm32cube.ide.mcu.externaltools.gnu-tools-for-stm32.10.3-2021.10.linux64_1.0.0.202111181127/tools/bin/../lib/gcc/arm-none-eabi/10.3.1/../../../../arm-none-eabi/lib/thumb/v7e-m+fp/hard/libm.a(lib_a-s_fabs.o)
 .ARM.attributes