../Core/Src/main.c:89:5:main	8	static
../Core/Src/main.c:144:6:SystemClock_Config	88	static
../Core/Src/main.c:192:13:MX_ADC1_Init	24	static
../Core/Src/main.c:298:13:MX_TIM1_Init	80	static
../Core/Src/main.c:375:13:MX_TIM2_Init	56	static
../Core/Src/main.c:424:13:MX_TIM3_Init	56	static
../Core/Src/main.c:473:13:MX_TIM4_Init	56	static
../Core/Src/main.c:522:13:MX_TIM7_Init	16	static
../Core/Src/main.c:560:13:MX_TIM8_Init	56	static
../Core/Src/main.c:610:13:MX_TIM12_Init	40	static
../Core/Src/main.c:656:13:MX_TIM13_Init	8	static
../Core/Src/main.c:687:13:MX_UART4_Init	8	static
../Core/Src/main.c:718:13:MX_DMA_Init	16	static
../Core/Src/main.c:743:13:MX_GPIO_Init	40	static
../Core/Src/main.c:802:6:Error_Handler	4	static,ignoring_inline_asm
